[ 53734.347] 
X.Org X Server 1.21.1.24
X Protocol Version 11, Revision 0
[ 53734.347] Current Operating System: Linux YOUR_HOSTNAME 7.1.11-zen1-1-zen #1 ZEN SMP PREEMPT_DYNAMIC Fri, 28 Aug 2026 03:35:56 +0000 x86_64
[ 53734.347] Kernel command line: root=PARTUUID=946c6971-ecda-43ce-bd45-a7cebda60526 zswap.enabled=0 rootflags=subvol=@ rw rootfstype=btrfs
[ 53734.348]  
[ 53734.348] Current version of pixman: 0.46.4
[ 53734.348] 	Before reporting problems, check http://wiki.x.org
	to make sure that you have the latest version.
[ 53734.348] Markers: (--) probed, (**) from config file, (==) default setting,
	(++) from command line, (!!) notice, (II) informational,
	(WW) warning, (EE) error, (NI) not implemented, (??) unknown.
[ 53734.349] (==) Log file: "$HOME/.local/share/xorg/Xorg.1.log", Time: Sun Sep 13 09:59:04 2026
[ 53734.349] (==) Using config directory: "/etc/X11/xorg.conf.d"
[ 53734.349] (==) Using system config directory "/usr/share/X11/xorg.conf.d"
[ 53734.349] (==) No Layout section.  Using the first Screen section.
[ 53734.349] (==) No screen section available. Using defaults.
[ 53734.349] (**) |-->Screen "Default Screen Section" (0)
[ 53734.349] (**) |   |-->Monitor "<default monitor>"
[ 53734.349] (==) No monitor specified for screen "Default Screen Section".
	Using a default monitor configuration.
[ 53734.349] (**) Allowing byte-swapped clients
[ 53734.349] (==) Automatically adding devices
[ 53734.349] (==) Automatically enabling devices
[ 53734.349] (==) Automatically adding GPU devices
[ 53734.349] (==) Automatically binding GPU devices
[ 53734.349] (==) Max clients allowed: 256, resource mask: 0x1fffff
[ 53734.350] (WW) The directory "/usr/share/fonts/Type1" does not exist.
[ 53734.350] 	Entry deleted from font path.
[ 53734.350] (==) FontPath set to:
	/usr/share/fonts/misc,
	/usr/share/fonts/TTF,
	/usr/share/fonts/OTF,
	/usr/share/fonts/100dpi,
	/usr/share/fonts/75dpi
[ 53734.350] (==) ModulePath set to "/usr/lib/xorg/modules"
[ 53734.350] (II) The server relies on udev to provide the list of input devices.
	If no devices become available, reconfigure udev or disable AutoAddDevices.
[ 53734.350] (II) Module ABI versions:
[ 53734.350] 	X.Org ANSI C Emulation: 0.4
[ 53734.350] 	X.Org Video Driver: 25.2
[ 53734.350] 	X.Org XInput driver : 24.4
[ 53734.350] 	X.Org Server Extension : 10.0
[ 53734.350] (++) using VT number 3

[ 53734.351] (II) systemd-logind: took control of session /org/freedesktop/login1/session/_33
[ 53734.352] (II) xfree86: Adding drm device (/dev/dri/card1)
[ 53734.352] (II) Platform probe for /sys/devices/pci0000:00/0000:00:01.0/0000:01:00.0/drm/card1
[ 53734.352] (II) systemd-logind: got fd for /dev/dri/card1 226:1 fd 13 paused 0
[ 53734.354] (**) OutputClass "nvidia" ModulePath extended to "/usr/lib/nvidia/xorg,/usr/lib/xorg/modules,/usr/lib/xorg/modules"
[ 53734.354] (--) PCI:*(1@0:0:0) 10de:1f91:17aa:3a41 rev 161, Mem @ 0xb2000000/16777216, 0xa0000000/268435456, 0xb0000000/33554432, I/O @ 0x00004000/128, BIOS @ 0x????????/524288
[ 53734.354] (II) LoadModule: "glx"
[ 53734.354] (II) Loading /usr/lib/xorg/modules/extensions/libglx.so
[ 53734.356] (II) Module glx: vendor="X.Org Foundation"
[ 53734.356] 	compiled for 1.21.1.24, module version = 1.0.0
[ 53734.356] 	ABI class: X.Org Server Extension, version 10.0
[ 53734.356] (II) Applying OutputClass "nvidia" to /dev/dri/card1
[ 53734.356] 	loading driver: nvidia
[ 53734.356] (==) Matched nvidia as autoconfigured driver 0
[ 53734.356] (==) Matched nouveau as autoconfigured driver 1
[ 53734.356] (==) Matched nv as autoconfigured driver 2
[ 53734.356] (==) Matched modesetting as autoconfigured driver 3
[ 53734.356] (==) Matched fbdev as autoconfigured driver 4
[ 53734.356] (==) Matched vesa as autoconfigured driver 5
[ 53734.356] (==) Assigned the driver to the xf86ConfigLayout
[ 53734.356] (II) LoadModule: "nvidia"
[ 53734.356] (II) Loading /usr/lib/xorg/modules/drivers/nvidia_drv.so
[ 53734.357] (II) Module nvidia: vendor="NVIDIA Corporation"
[ 53734.357] 	compiled for 1.16.99.901, module version = 1.0.0
[ 53734.357] 	Module class: X.Org Video Driver
[ 53734.357] (II) LoadModule: "nouveau"
[ 53734.357] (WW) Warning, couldn't open module nouveau
[ 53734.357] (EE) Failed to load module "nouveau" (module does not exist, 0)
[ 53734.357] (II) LoadModule: "nv"
[ 53734.357] (WW) Warning, couldn't open module nv
[ 53734.357] (EE) Failed to load module "nv" (module does not exist, 0)
[ 53734.357] (II) LoadModule: "modesetting"
[ 53734.357] (II) Loading /usr/lib/xorg/modules/drivers/modesetting_drv.so
[ 53734.358] (II) Module modesetting: vendor="X.Org Foundation"
[ 53734.358] 	compiled for 1.21.1.24, module version = 1.21.1
[ 53734.358] 	Module class: X.Org Video Driver
[ 53734.358] 	ABI class: X.Org Video Driver, version 25.2
[ 53734.358] (II) LoadModule: "fbdev"
[ 53734.358] (WW) Warning, couldn't open module fbdev
[ 53734.358] (EE) Failed to load module "fbdev" (module does not exist, 0)
[ 53734.358] (II) LoadModule: "vesa"
[ 53734.358] (II) Loading /usr/lib/xorg/modules/drivers/vesa_drv.so
[ 53734.358] (II) Module vesa: vendor="X.Org Foundation"
[ 53734.358] 	compiled for 1.21.1.21, module version = 2.6.0
[ 53734.358] 	Module class: X.Org Video Driver
[ 53734.358] 	ABI class: X.Org Video Driver, version 25.2
[ 53734.358] (II) NVIDIA dlloader X Driver  610.57.04  Wed Jul 29 02:30:50 UTC 2026
[ 53734.358] (II) NVIDIA Unified Driver for all Supported NVIDIA GPUs
[ 53734.358] (II) modesetting: Driver for Modesetting Kernel Drivers: kms
[ 53734.358] (II) VESA: driver for VESA chipsets: vesa
[ 53734.358] xf86EnableIO: failed to enable I/O ports access (Operation not permitted)
[ 53734.358] (II) systemd-logind: releasing fd for 226:1
[ 53734.359] (II) Loading sub module "fb"
[ 53734.359] (II) LoadModule: "fb"
[ 53734.359] (II) Module "fb" already built-in
[ 53734.359] (II) Loading sub module "wfb"
[ 53734.359] (II) LoadModule: "wfb"
[ 53734.359] (II) Loading /usr/lib/xorg/modules/libwfb.so
[ 53734.359] (II) Module wfb: vendor="X.Org Foundation"
[ 53734.359] 	compiled for 1.21.1.24, module version = 1.0.0
[ 53734.359] 	ABI class: X.Org ANSI C Emulation, version 0.4
[ 53734.360] (WW) Falling back to old probe method for modesetting
[ 53734.360] (EE) open /dev/dri/card0: No such file or directory
[ 53734.360] (WW) VGA arbiter: cannot open kernel arbiter, no multi-card support
[ 53734.360] (II) NVIDIA(0): Creating default Display subsection in Screen section
	"Default Screen Section" for depth/fbbpp 24/32
[ 53734.360] (==) NVIDIA(0): Depth 24, (==) framebuffer bpp 32
[ 53734.360] (==) NVIDIA(0): RGB weight 888
[ 53734.360] (==) NVIDIA(0): Default visual is TrueColor
[ 53734.360] (==) NVIDIA(0): Using gamma correction (1.0, 1.0, 1.0)
[ 53734.360] (II) Applying OutputClass "nvidia" options to /dev/dri/card1
[ 53734.360] (**) NVIDIA(0): Option "AllowEmptyInitialConfiguration"
[ 53734.360] (**) NVIDIA(0): Enabling 2D acceleration
[ 53734.360] (II) Loading sub module "glxserver_nvidia"
[ 53734.360] (II) LoadModule: "glxserver_nvidia"
[ 53734.360] (II) Loading /usr/lib/nvidia/xorg/libglxserver_nvidia.so
[ 53734.379] (II) Module glxserver_nvidia: vendor="NVIDIA Corporation"
[ 53734.379] 	compiled for 1.16.99.901, module version = 1.0.0
[ 53734.379] 	Module class: X.Org Server Extension
[ 53734.379] (II) NVIDIA GLX Module  610.57.04  Wed Jul 29 02:31:39 UTC 2026
[ 53734.379] (II) NVIDIA: The X server supports PRIME Render Offload.
[ 53734.383] (--) NVIDIA(0): Valid display device(s) on GPU-0 at PCI:1:0:0
[ 53734.383] (--) NVIDIA(0):     DFP-0 (boot)
[ 53734.383] (--) NVIDIA(0):     DFP-1
[ 53734.396] (II) NVIDIA(0): NVIDIA GPU NVIDIA GeForce GTX 1650 (TU117-A) at PCI:1:0:0
[ 53734.396] (II) NVIDIA(0):     (GPU-0)
[ 53734.396] (--) NVIDIA(0): Memory: 4194304 kBytes
[ 53734.396] (--) NVIDIA(0): VideoBIOS: 90.17.45.00.43
[ 53734.396] (II) NVIDIA(0): Detected PCI Express Link width: 16X
[ 53734.606] (--) NVIDIA(GPU-0): LG Display (DFP-0): connected
[ 53734.606] (--) NVIDIA(GPU-0): LG Display (DFP-0): Internal DisplayPort
[ 53734.606] (--) NVIDIA(GPU-0): LG Display (DFP-0): 2660.0 MHz maximum pixel clock
[ 53734.606] (--) NVIDIA(GPU-0): 
[ 53734.654] (--) NVIDIA(GPU-0): Microstep MAG 255XF (DFP-1): connected
[ 53734.654] (--) NVIDIA(GPU-0): Microstep MAG 255XF (DFP-1): Internal TMDS
[ 53734.654] (--) NVIDIA(GPU-0): Microstep MAG 255XF (DFP-1): 600.0 MHz maximum pixel clock
[ 53734.654] (--) NVIDIA(GPU-0): 
[ 53734.735] (==) NVIDIA(0): 
[ 53734.735] (==) NVIDIA(0): No modes were requested; the default mode "nvidia-auto-select"
[ 53734.735] (==) NVIDIA(0):     will be used as the requested mode.
[ 53734.735] (==) NVIDIA(0): 
[ 53734.741] (II) NVIDIA(0): Validated MetaModes:
[ 53734.741] (II) NVIDIA(0):     "DFP-0:nvidia-auto-select,DFP-1:nvidia-auto-select"
[ 53734.741] (II) NVIDIA(0): Virtual screen size determined to be 3840 x 1080
[ 53734.823] (--) NVIDIA(0): DPI set to (128, 130); computed from "UseEdidDpi" X config
[ 53734.823] (--) NVIDIA(0):     option
[ 53734.823] (II) UnloadModule: "modesetting"
[ 53734.823] (II) Unloading modesetting
[ 53734.823] (II) UnloadModule: "vesa"
[ 53734.823] (II) Unloading vesa
[ 53734.824] (WW) NVIDIA: Failed to bind sideband socket to
[ 53734.824] (WW) NVIDIA:     '/var/run/nvidia-xdriver-04fe7f95' Permission denied
[ 53734.824] (II) NVIDIA: Reserving 24576.00 MB of virtual memory for indirect memory
[ 53734.824] (II) NVIDIA:     access.
[ 53734.851] (II) NVIDIA(0): ACPI: failed to connect to the ACPI event daemon; the daemon
[ 53734.851] (II) NVIDIA(0):     may not be running or the "AcpidSocketPath" X
[ 53734.851] (II) NVIDIA(0):     configuration option may not be set correctly.  When the
[ 53734.851] (II) NVIDIA(0):     ACPI event daemon is available, the NVIDIA X driver will
[ 53734.851] (II) NVIDIA(0):     try to use it to receive ACPI event notifications.  For
[ 53734.851] (II) NVIDIA(0):     details, please see the "ConnectToAcpid" and
[ 53734.851] (II) NVIDIA(0):     "AcpidSocketPath" X configuration options in Appendix B: X
[ 53734.851] (II) NVIDIA(0):     Config Options in the README.
[ 53734.875] (II) NVIDIA(0): Setting mode "DFP-0:nvidia-auto-select,DFP-1:nvidia-auto-select"
[ 53735.781] (II) NVIDIA(0): Disabling shared memory pixmaps
[ 53735.781] (==) NVIDIA(0): Backing store enabled
[ 53735.781] (==) NVIDIA(0): Silken mouse enabled
[ 53735.781] (==) NVIDIA(0): DPMS enabled
[ 53735.781] (II) Loading sub module "dri2"
[ 53735.781] (II) LoadModule: "dri2"
[ 53735.781] (II) Module "dri2" already built-in
[ 53735.781] (II) NVIDIA(0): [DRI2] Setup complete
[ 53735.781] (II) NVIDIA(0): [DRI2]   VDPAU driver: nvidia
[ 53735.782] (II) Initializing extension Generic Event Extension
[ 53735.782] (II) Initializing extension SHAPE
[ 53735.782] (II) Initializing extension MIT-SHM
[ 53735.782] (II) Initializing extension XInputExtension
[ 53735.782] (II) Initializing extension XTEST
[ 53735.782] (II) Initializing extension BIG-REQUESTS
[ 53735.782] (II) Initializing extension SYNC
[ 53735.782] (II) Initializing extension XKEYBOARD
[ 53735.782] (II) Initializing extension XC-MISC
[ 53735.782] (II) Initializing extension SECURITY
[ 53735.782] (II) Initializing extension XFIXES
[ 53735.783] (II) Initializing extension RENDER
[ 53735.783] (II) Initializing extension RANDR
[ 53735.783] (II) Initializing extension COMPOSITE
[ 53735.783] (II) Initializing extension DAMAGE
[ 53735.783] (II) Initializing extension MIT-SCREEN-SAVER
[ 53735.783] (II) Initializing extension DOUBLE-BUFFER
[ 53735.783] (II) Initializing extension RECORD
[ 53735.783] (II) Initializing extension DPMS
[ 53735.783] (II) Initializing extension Present
[ 53735.783] (II) Initializing extension DRI3
[ 53735.783] (II) Initializing extension X-Resource
[ 53735.784] (II) Initializing extension XVideo
[ 53735.784] (II) Initializing extension XVideo-MotionCompensation
[ 53735.784] (II) Initializing extension GLX
[ 53735.784] (II) Initializing extension GLX
[ 53735.784] (II) Indirect GLX disabled.
[ 53735.784] (II) GLX: Another vendor is already registered for screen 0
[ 53735.784] (II) Initializing extension XFree86-VidModeExtension
[ 53735.784] (II) Initializing extension XFree86-DGA
[ 53735.784] (II) Initializing extension XFree86-DRI
[ 53735.784] (II) Initializing extension DRI2
[ 53735.784] (II) Initializing extension NV-GLX
[ 53735.784] (II) Initializing extension NV-CONTROL
[ 53735.784] (II) Initializing extension XINERAMA
[ 53735.905] (II) config/udev: Adding input device HDA NVidia HDMI/DP,pcm=3 (/dev/input/event18)
[ 53735.905] (II) No input driver specified, ignoring this device.
[ 53735.905] (II) This device may have been added with another device file.
[ 53735.906] (II) config/udev: Adding input device HDA NVidia HDMI/DP,pcm=7 (/dev/input/event19)
[ 53735.906] (II) No input driver specified, ignoring this device.
[ 53735.906] (II) This device may have been added with another device file.
[ 53735.906] (II) config/udev: Adding input device HDA NVidia HDMI/DP,pcm=8 (/dev/input/event20)
[ 53735.906] (II) No input driver specified, ignoring this device.
[ 53735.906] (II) This device may have been added with another device file.
[ 53735.907] (II) config/udev: Adding input device HDA NVidia HDMI/DP,pcm=9 (/dev/input/event21)
[ 53735.907] (II) No input driver specified, ignoring this device.
[ 53735.907] (II) This device may have been added with another device file.
[ 53735.907] (II) config/udev: Adding input device Video Bus (/dev/input/event7)
[ 53735.907] (**) Video Bus: Applying InputClass "libinput keyboard catchall"
[ 53735.907] (**) Video Bus: Applying InputClass "system-keyboard"
[ 53735.907] (II) LoadModule: "libinput"
[ 53735.907] (II) Loading /usr/lib/xorg/modules/input/libinput_drv.so
[ 53735.910] (II) Module libinput: vendor="X.Org Foundation"
[ 53735.910] 	compiled for 1.21.1.13, module version = 1.5.0
[ 53735.910] 	Module class: X.Org XInput Driver
[ 53735.910] 	ABI class: X.Org XInput driver, version 24.4
[ 53735.910] (II) Using input driver 'libinput' for 'Video Bus'
[ 53735.910] (II) systemd-logind: got fd for /dev/input/event7 13:71 fd 39 paused 0
[ 53735.910] (**) Video Bus: always reports core events
[ 53735.910] (**) Option "Device" "/dev/input/event7"
[ 53735.912] (II) event7  - Video Bus: is tagged by udev as: Keyboard
[ 53735.913] (II) event7  - Video Bus: device is a keyboard
[ 53735.913] (II) event7  - Video Bus: device removed
[ 53735.913] (**) Option "config_info" "udev:/sys/devices/pci0000:00/0000:00:01.0/acpi.video_bus.0/input/input10/event7"
[ 53735.913] (II) XINPUT: Adding extended input device "Video Bus" (type: KEYBOARD, id 6)
[ 53735.913] (**) Option "xkb_model" "pc105+inet"
[ 53735.913] (**) Option "xkb_layout" "us"
[ 53735.913] (**) Option "xkb_options" "terminate:ctrl_alt_bksp"
[ 53735.933] (II) event7  - Video Bus: is tagged by udev as: Keyboard
[ 53735.933] (II) event7  - Video Bus: device is a keyboard
[ 53735.934] (II) config/udev: Adding input device HFD ZH870 Gaming Keyboard (/dev/input/event13)
[ 53735.934] (**) HFD ZH870 Gaming Keyboard: Applying InputClass "libinput keyboard catchall"
[ 53735.934] (**) HFD ZH870 Gaming Keyboard: Applying InputClass "system-keyboard"
[ 53735.934] (II) Using input driver 'libinput' for 'HFD ZH870 Gaming Keyboard'
[ 53735.935] (II) systemd-logind: got fd for /dev/input/event13 13:77 fd 42 paused 0
[ 53735.935] (**) HFD ZH870 Gaming Keyboard: always reports core events
[ 53735.935] (**) Option "Device" "/dev/input/event13"
[ 53735.936] (II) event13 - HFD ZH870 Gaming Keyboard: is tagged by udev as: Keyboard
[ 53735.936] (II) event13 - HFD ZH870 Gaming Keyboard: device is a keyboard
[ 53735.937] (II) event13 - HFD ZH870 Gaming Keyboard: device removed
[ 53735.937] (**) Option "config_info" "udev:/sys/devices/pci0000:00/0000:00:14.0/usb1/1-1/1-1.2/1-1.2:1.0/0003:05AC:024F.0004/input/input13/event13"
[ 53735.937] (II) XINPUT: Adding extended input device "HFD ZH870 Gaming Keyboard" (type: KEYBOARD, id 7)
[ 53735.937] (**) Option "xkb_model" "pc105+inet"
[ 53735.937] (**) Option "xkb_layout" "us"
[ 53735.937] (**) Option "xkb_options" "terminate:ctrl_alt_bksp"
[ 53735.938] (II) event13 - HFD ZH870 Gaming Keyboard: is tagged by udev as: Keyboard
[ 53735.939] (II) event13 - HFD ZH870 Gaming Keyboard: device is a keyboard
[ 53735.940] (II) config/udev: Adding input device HFD ZH870 Gaming Keyboard (/dev/input/event14)
[ 53735.940] (**) HFD ZH870 Gaming Keyboard: Applying InputClass "libinput pointer catchall"
[ 53735.940] (**) HFD ZH870 Gaming Keyboard: Applying InputClass "libinput keyboard catchall"
[ 53735.940] (**) HFD ZH870 Gaming Keyboard: Applying InputClass "compx L7 Air"
[ 53735.940] (**) HFD ZH870 Gaming Keyboard: Applying InputClass "system-keyboard"
[ 53735.940] (II) Using input driver 'libinput' for 'HFD ZH870 Gaming Keyboard'
[ 53735.940] (II) systemd-logind: got fd for /dev/input/event14 13:78 fd 43 paused 0
[ 53735.940] (**) HFD ZH870 Gaming Keyboard: always reports core events
[ 53735.940] (**) Option "Device" "/dev/input/event14"
[ 53735.942] (II) event14 - HFD ZH870 Gaming Keyboard: is tagged by udev as: Keyboard Mouse
[ 53735.942] (II) event14 - HFD ZH870 Gaming Keyboard: device is a pointer
[ 53735.942] (II) event14 - HFD ZH870 Gaming Keyboard: device is a keyboard
[ 53735.943] (II) event14 - HFD ZH870 Gaming Keyboard: device removed
[ 53735.943] (**) Option "AccelProfile" "flat"
[ 53735.943] (II) libinput: HFD ZH870 Gaming Keyboard: Step value 0 was provided, libinput Fallback acceleration function is used.
[ 53735.943] (II) libinput: HFD ZH870 Gaming Keyboard: Step value 0 was provided, libinput Fallback acceleration function is used.
[ 53735.943] (II) libinput: HFD ZH870 Gaming Keyboard: Step value 0 was provided, libinput Fallback acceleration function is used.
[ 53735.943] (II) libinput: HFD ZH870 Gaming Keyboard: needs a virtual subdevice
[ 53735.943] (**) Option "config_info" "udev:/sys/devices/pci0000:00/0000:00:14.0/usb1/1-1/1-1.2/1-1.2:1.1/0003:05AC:024F.0005/input/input14/event14"
[ 53735.943] (II) XINPUT: Adding extended input device "HFD ZH870 Gaming Keyboard" (type: MOUSE, id 8)
[ 53735.943] (**) Option "AccelerationScheme" "none"
[ 53735.943] (**) HFD ZH870 Gaming Keyboard: (accel) selected scheme none/0
[ 53735.943] (**) HFD ZH870 Gaming Keyboard: (accel) acceleration factor: 2.000
[ 53735.943] (**) HFD ZH870 Gaming Keyboard: (accel) acceleration threshold: 4
[ 53735.945] (II) event14 - HFD ZH870 Gaming Keyboard: is tagged by udev as: Keyboard Mouse
[ 53735.945] (II) event14 - HFD ZH870 Gaming Keyboard: device is a pointer
[ 53735.945] (II) event14 - HFD ZH870 Gaming Keyboard: device is a keyboard
[ 53735.946] (II) config/udev: Adding input device HFD ZH870 Gaming Keyboard (/dev/input/mouse1)
[ 53735.946] (**) HFD ZH870 Gaming Keyboard: Applying InputClass "compx L7 Air"
[ 53735.946] (**) HFD ZH870 Gaming Keyboard: Applying InputClass "system-keyboard"
[ 53735.946] (II) Using input driver 'libinput' for 'HFD ZH870 Gaming Keyboard'
[ 53735.946] (**) HFD ZH870 Gaming Keyboard: always reports core events
[ 53735.946] (**) Option "Device" "/dev/input/mouse1"
[ 53735.946] (EE) xf86OpenSerial: Cannot open device /dev/input/mouse1
	Permission denied.
[ 53735.946] (II) mouse1: opening input device '/dev/input/mouse1' failed (Permission denied).
[ 53735.946] (II) mouse1  - failed to create input device '/dev/input/mouse1'.
[ 53735.946] (EE) libinput: HFD ZH870 Gaming Keyboard: Failed to create a device for /dev/input/mouse1
[ 53735.946] (EE) PreInit returned 2 for "HFD ZH870 Gaming Keyboard"
[ 53735.946] (II) UnloadModule: "libinput"
[ 53735.947] (II) config/udev: Adding input device ME6S MS_N-B R-UN +3db ME6S (/dev/input/event12)
[ 53735.947] (**) ME6S MS_N-B R-UN +3db ME6S: Applying InputClass "libinput keyboard catchall"
[ 53735.947] (**) ME6S MS_N-B R-UN +3db ME6S: Applying InputClass "system-keyboard"
[ 53735.947] (II) Using input driver 'libinput' for 'ME6S MS_N-B R-UN +3db ME6S'
[ 53735.948] (II) systemd-logind: got fd for /dev/input/event12 13:76 fd 44 paused 0
[ 53735.948] (**) ME6S MS_N-B R-UN +3db ME6S: always reports core events
[ 53735.948] (**) Option "Device" "/dev/input/event12"
[ 53735.949] (II) event12 - ME6S MS_N-B R-UN +3db ME6S: is tagged by udev as: Keyboard
[ 53735.949] (II) event12 - ME6S MS_N-B R-UN +3db ME6S: device is a keyboard
[ 53735.950] (II) event12 - ME6S MS_N-B R-UN +3db ME6S: device removed
[ 53735.950] (**) Option "config_info" "udev:/sys/devices/pci0000:00/0000:00:14.0/usb1/1-1/1-1.4/1-1.4:1.3/0003:0C76:9688.0007/input/input12/event12"
[ 53735.950] (II) XINPUT: Adding extended input device "ME6S MS_N-B R-UN +3db ME6S" (type: KEYBOARD, id 9)
[ 53735.950] (**) Option "xkb_model" "pc105+inet"
[ 53735.950] (**) Option "xkb_layout" "us"
[ 53735.950] (**) Option "xkb_options" "terminate:ctrl_alt_bksp"
[ 53735.951] (II) event12 - ME6S MS_N-B R-UN +3db ME6S: is tagged by udev as: Keyboard
[ 53735.951] (II) event12 - ME6S MS_N-B R-UN +3db ME6S: device is a keyboard
[ 53735.952] (II) config/udev: Adding input device Compx 2.4G Wireless Receiver (/dev/input/event3)
[ 53735.952] (**) Compx 2.4G Wireless Receiver: Applying InputClass "libinput keyboard catchall"
[ 53735.952] (**) Compx 2.4G Wireless Receiver: Applying InputClass "system-keyboard"
[ 53735.952] (II) Using input driver 'libinput' for 'Compx 2.4G Wireless Receiver'
[ 53735.953] (II) systemd-logind: got fd for /dev/input/event3 13:67 fd 45 paused 0
[ 53735.953] (**) Compx 2.4G Wireless Receiver: always reports core events
[ 53735.953] (**) Option "Device" "/dev/input/event3"
[ 53735.954] (II) event3  - Compx 2.4G Wireless Receiver: is tagged by udev as: Keyboard
[ 53735.955] (II) event3  - Compx 2.4G Wireless Receiver: device is a keyboard
[ 53735.955] (II) event3  - Compx 2.4G Wireless Receiver: device removed
[ 53735.955] (**) Option "config_info" "udev:/sys/devices/pci0000:00/0000:00:14.0/usb1/1-3/1-3:1.0/0003:3554:F54F.0001/input/input3/event3"
[ 53735.955] (II) XINPUT: Adding extended input device "Compx 2.4G Wireless Receiver" (type: KEYBOARD, id 10)
[ 53735.955] (**) Option "xkb_model" "pc105+inet"
[ 53735.955] (**) Option "xkb_layout" "us"
[ 53735.955] (**) Option "xkb_options" "terminate:ctrl_alt_bksp"
[ 53735.956] (II) event3  - Compx 2.4G Wireless Receiver: is tagged by udev as: Keyboard
[ 53735.956] (II) event3  - Compx 2.4G Wireless Receiver: device is a keyboard
[ 53735.957] (II) config/udev: Adding input device Compx 2.4G Wireless Receiver (/dev/input/event4)
[ 53735.957] (II) No input driver specified, ignoring this device.
[ 53735.957] (II) This device may have been added with another device file.
[ 53735.958] (II) config/udev: Adding input device Compx 2.4G Wireless Receiver (/dev/input/event5)
[ 53735.958] (II) No input driver specified, ignoring this device.
[ 53735.958] (II) This device may have been added with another device file.
[ 53735.959] (II) config/udev: Adding input device Compx 2.4G Wireless Receiver Consumer Control (/dev/input/event6)
[ 53735.959] (**) Compx 2.4G Wireless Receiver Consumer Control: Applying InputClass "libinput keyboard catchall"
[ 53735.959] (**) Compx 2.4G Wireless Receiver Consumer Control: Applying InputClass "system-keyboard"
[ 53735.959] (II) Using input driver 'libinput' for 'Compx 2.4G Wireless Receiver Consumer Control'
[ 53735.960] (II) systemd-logind: got fd for /dev/input/event6 13:70 fd 46 paused 0
[ 53735.960] (**) Compx 2.4G Wireless Receiver Consumer Control: always reports core events
[ 53735.960] (**) Option "Device" "/dev/input/event6"
[ 53735.961] (II) event6  - Compx 2.4G Wireless Receiver Consumer Control: is tagged by udev as: Keyboard
[ 53735.962] (II) event6  - Compx 2.4G Wireless Receiver Consumer Control: device is a keyboard
[ 53735.962] (II) event6  - Compx 2.4G Wireless Receiver Consumer Control: device removed
[ 53735.962] (II) libinput: Compx 2.4G Wireless Receiver Consumer Control: needs a virtual subdevice
[ 53735.962] (**) Option "config_info" "udev:/sys/devices/pci0000:00/0000:00:14.0/usb1/1-3/1-3:1.1/0003:3554:F54F.0002/input/input6/event6"
[ 53735.962] (II) XINPUT: Adding extended input device "Compx 2.4G Wireless Receiver Consumer Control" (type: MOUSE, id 11)
[ 53735.962] (**) Option "AccelerationScheme" "none"
[ 53735.962] (**) Compx 2.4G Wireless Receiver Consumer Control: (accel) selected scheme none/0
[ 53735.962] (**) Compx 2.4G Wireless Receiver Consumer Control: (accel) acceleration factor: 2.000
[ 53735.962] (**) Compx 2.4G Wireless Receiver Consumer Control: (accel) acceleration threshold: 4
[ 53735.963] (II) event6  - Compx 2.4G Wireless Receiver Consumer Control: is tagged by udev as: Keyboard
[ 53735.964] (II) event6  - Compx 2.4G Wireless Receiver Consumer Control: device is a keyboard
[ 53735.965] (II) config/udev: Adding input device Compx 2.4G Wireless Receiver System Control (/dev/input/event8)
[ 53735.965] (**) Compx 2.4G Wireless Receiver System Control: Applying InputClass "libinput keyboard catchall"
[ 53735.965] (**) Compx 2.4G Wireless Receiver System Control: Applying InputClass "system-keyboard"
[ 53735.965] (II) Using input driver 'libinput' for 'Compx 2.4G Wireless Receiver System Control'
[ 53735.965] (II) systemd-logind: got fd for /dev/input/event8 13:72 fd 47 paused 0
[ 53735.965] (**) Compx 2.4G Wireless Receiver System Control: always reports core events
[ 53735.965] (**) Option "Device" "/dev/input/event8"
[ 53735.967] (II) event8  - Compx 2.4G Wireless Receiver System Control: is tagged by udev as: Keyboard
[ 53735.967] (II) event8  - Compx 2.4G Wireless Receiver System Control: device is a keyboard
[ 53735.967] (II) event8  - Compx 2.4G Wireless Receiver System Control: device removed
[ 53735.967] (**) Option "config_info" "udev:/sys/devices/pci0000:00/0000:00:14.0/usb1/1-3/1-3:1.1/0003:3554:F54F.0002/input/input7/event8"
[ 53735.967] (II) XINPUT: Adding extended input device "Compx 2.4G Wireless Receiver System Control" (type: KEYBOARD, id 12)
[ 53735.967] (**) Option "xkb_model" "pc105+inet"
[ 53735.967] (**) Option "xkb_layout" "us"
[ 53735.967] (**) Option "xkb_options" "terminate:ctrl_alt_bksp"
[ 53735.968] (II) event8  - Compx 2.4G Wireless Receiver System Control: is tagged by udev as: Keyboard
[ 53735.969] (II) event8  - Compx 2.4G Wireless Receiver System Control: device is a keyboard
[ 53735.969] (II) config/udev: Adding input device Compx 2.4G Wireless Receiver (/dev/input/event9)
[ 53735.969] (II) No input driver specified, ignoring this device.
[ 53735.970] (II) This device may have been added with another device file.
[ 53735.970] (II) config/udev: Adding input device Compx 2.4G Wireless Receiver (/dev/input/event10)
[ 53735.970] (II) No input driver specified, ignoring this device.
[ 53735.970] (II) This device may have been added with another device file.
[ 53735.971] (II) config/udev: Adding input device Compx 2.4G Wireless Receiver (/dev/input/event11)
[ 53735.971] (**) Compx 2.4G Wireless Receiver: Applying InputClass "libinput pointer catchall"
[ 53735.971] (**) Compx 2.4G Wireless Receiver: Applying InputClass "compx L7 Air"
[ 53735.971] (II) Using input driver 'libinput' for 'Compx 2.4G Wireless Receiver'
[ 53735.972] (II) systemd-logind: got fd for /dev/input/event11 13:75 fd 48 paused 0
[ 53735.972] (**) Compx 2.4G Wireless Receiver: always reports core events
[ 53735.972] (**) Option "Device" "/dev/input/event11"
[ 53735.973] (II) event11 - Compx 2.4G Wireless Receiver: is tagged by udev as: Mouse
[ 53735.973] (II) event11 - Compx 2.4G Wireless Receiver: device is a pointer
[ 53735.974] (II) event11 - Compx 2.4G Wireless Receiver: device removed
[ 53735.974] (**) Option "AccelProfile" "flat"
[ 53735.974] (II) libinput: Compx 2.4G Wireless Receiver: Step value 0 was provided, libinput Fallback acceleration function is used.
[ 53735.974] (II) libinput: Compx 2.4G Wireless Receiver: Step value 0 was provided, libinput Fallback acceleration function is used.
[ 53735.974] (II) libinput: Compx 2.4G Wireless Receiver: Step value 0 was provided, libinput Fallback acceleration function is used.
[ 53735.974] (**) Option "config_info" "udev:/sys/devices/pci0000:00/0000:00:14.0/usb1/1-3/1-3:1.2/0003:3554:F54F.0003/input/input11/event11"
[ 53735.974] (II) XINPUT: Adding extended input device "Compx 2.4G Wireless Receiver" (type: MOUSE, id 13)
[ 53735.974] (**) Option "AccelerationScheme" "none"
[ 53735.974] (**) Compx 2.4G Wireless Receiver: (accel) selected scheme none/0
[ 53735.974] (**) Compx 2.4G Wireless Receiver: (accel) acceleration factor: 2.000
[ 53735.974] (**) Compx 2.4G Wireless Receiver: (accel) acceleration threshold: 4
[ 53735.975] (II) event11 - Compx 2.4G Wireless Receiver: is tagged by udev as: Mouse
[ 53735.976] (II) event11 - Compx 2.4G Wireless Receiver: device is a pointer
[ 53735.976] (II) config/udev: Adding input device Compx 2.4G Wireless Receiver (/dev/input/mouse0)
[ 53735.977] (**) Compx 2.4G Wireless Receiver: Applying InputClass "compx L7 Air"
[ 53735.977] (II) Using input driver 'libinput' for 'Compx 2.4G Wireless Receiver'
[ 53735.977] (**) Compx 2.4G Wireless Receiver: always reports core events
[ 53735.977] (**) Option "Device" "/dev/input/mouse0"
[ 53735.977] (EE) xf86OpenSerial: Cannot open device /dev/input/mouse0
	Permission denied.
[ 53735.977] (II) mouse0: opening input device '/dev/input/mouse0' failed (Permission denied).
[ 53735.977] (II) mouse0  - failed to create input device '/dev/input/mouse0'.
[ 53735.977] (EE) libinput: Compx 2.4G Wireless Receiver: Failed to create a device for /dev/input/mouse0
[ 53735.977] (EE) PreInit returned 2 for "Compx 2.4G Wireless Receiver"
[ 53735.977] (II) UnloadModule: "libinput"
[ 53735.977] (II) config/udev: Adding input device Elan Touchpad (/dev/input/event17)
[ 53735.977] (**) Elan Touchpad: Applying InputClass "libinput touchpad catchall"
[ 53735.977] (II) Using input driver 'libinput' for 'Elan Touchpad'
[ 53735.978] (II) systemd-logind: got fd for /dev/input/event17 13:81 fd 49 paused 0
[ 53735.978] (**) Elan Touchpad: always reports core events
[ 53735.978] (**) Option "Device" "/dev/input/event17"
[ 53735.979] (II) event17 - Elan Touchpad: is tagged by udev as: Touchpad
[ 53735.981] (II) event17 - Elan Touchpad: device is a touchpad
[ 53735.981] (II) event17 - Elan Touchpad: device removed
[ 53735.981] (II) libinput: Elan Touchpad: Step value 0 was provided, libinput Fallback acceleration function is used.
[ 53735.981] (II) libinput: Elan Touchpad: Step value 0 was provided, libinput Fallback acceleration function is used.
[ 53735.981] (II) libinput: Elan Touchpad: Step value 0 was provided, libinput Fallback acceleration function is used.
[ 53735.982] (**) Option "config_info" "udev:/sys/devices/pci0000:00/0000:00:15.1/i2c_designware.1/i2c-1/i2c-ELAN0626:00/input/input17/event17"
[ 53735.982] (II) XINPUT: Adding extended input device "Elan Touchpad" (type: TOUCHPAD, id 14)
[ 53735.983] (**) Option "AccelerationScheme" "none"
[ 53735.983] (**) Elan Touchpad: (accel) selected scheme none/0
[ 53735.983] (**) Elan Touchpad: (accel) acceleration factor: 2.000
[ 53735.983] (**) Elan Touchpad: (accel) acceleration threshold: 4
[ 53735.984] (II) event17 - Elan Touchpad: is tagged by udev as: Touchpad
[ 53735.986] (II) event17 - Elan Touchpad: device is a touchpad
[ 53735.987] (II) config/udev: Adding input device Elan Touchpad (/dev/input/mouse2)
[ 53735.987] (II) No input driver specified, ignoring this device.
[ 53735.987] (II) This device may have been added with another device file.
[ 53735.988] (II) config/udev: Adding input device Ideapad extra buttons (/dev/input/event15)
[ 53735.988] (**) Ideapad extra buttons: Applying InputClass "libinput keyboard catchall"
[ 53735.988] (**) Ideapad extra buttons: Applying InputClass "system-keyboard"
[ 53735.988] (II) Using input driver 'libinput' for 'Ideapad extra buttons'
[ 53735.988] (II) systemd-logind: got fd for /dev/input/event15 13:79 fd 50 paused 0
[ 53735.988] (**) Ideapad extra buttons: always reports core events
[ 53735.988] (**) Option "Device" "/dev/input/event15"
[ 53735.989] (II) event15 - Ideapad extra buttons: is tagged by udev as: Keyboard
[ 53735.990] (II) event15 - Ideapad extra buttons: device is a keyboard
[ 53735.990] (II) event15 - Ideapad extra buttons: device removed
[ 53735.990] (**) Option "config_info" "udev:/sys/devices/pci0000:00/0000:00:1f.0/PNP0C09:00/VPC2004:00/input/input15/event15"
[ 53735.990] (II) XINPUT: Adding extended input device "Ideapad extra buttons" (type: KEYBOARD, id 15)
[ 53735.990] (**) Option "xkb_model" "pc105+inet"
[ 53735.990] (**) Option "xkb_layout" "us"
[ 53735.990] (**) Option "xkb_options" "terminate:ctrl_alt_bksp"
[ 53735.991] (II) event15 - Ideapad extra buttons: is tagged by udev as: Keyboard
[ 53735.991] (II) event15 - Ideapad extra buttons: device is a keyboard
[ 53735.991] (II) config/udev: Adding input device HDA Intel PCH Mic (/dev/input/event22)
[ 53735.991] (II) No input driver specified, ignoring this device.
[ 53735.991] (II) This device may have been added with another device file.
[ 53735.992] (II) config/udev: Adding input device HDA Intel PCH Headphone (/dev/input/event23)
[ 53735.992] (II) No input driver specified, ignoring this device.
[ 53735.992] (II) This device may have been added with another device file.
[ 53735.992] (II) config/udev: Adding input device Power Button (/dev/input/event1)
[ 53735.992] (**) Power Button: Applying InputClass "libinput keyboard catchall"
[ 53735.992] (**) Power Button: Applying InputClass "system-keyboard"
[ 53735.992] (II) Using input driver 'libinput' for 'Power Button'
[ 53735.993] (II) systemd-logind: got fd for /dev/input/event1 13:65 fd 51 paused 0
[ 53735.993] (**) Power Button: always reports core events
[ 53735.993] (**) Option "Device" "/dev/input/event1"
[ 53735.994] (II) event1  - Power Button: is tagged by udev as: Keyboard
[ 53735.994] (II) event1  - Power Button: device is a keyboard
[ 53735.994] (II) event1  - Power Button: device removed
[ 53735.994] (**) Option "config_info" "udev:/sys/devices/platform/PNP0C0C:00/input/input1/event1"
[ 53735.994] (II) XINPUT: Adding extended input device "Power Button" (type: KEYBOARD, id 16)
[ 53735.994] (**) Option "xkb_model" "pc105+inet"
[ 53735.994] (**) Option "xkb_layout" "us"
[ 53735.994] (**) Option "xkb_options" "terminate:ctrl_alt_bksp"
[ 53735.995] (II) event1  - Power Button: is tagged by udev as: Keyboard
[ 53735.995] (II) event1  - Power Button: device is a keyboard
[ 53735.995] (II) config/udev: Adding input device Lid Switch (/dev/input/event0)
[ 53735.995] (II) No input driver specified, ignoring this device.
[ 53735.995] (II) This device may have been added with another device file.
[ 53735.996] (II) config/udev: Adding input device AT Translated Set 2 keyboard (/dev/input/event2)
[ 53735.996] (**) AT Translated Set 2 keyboard: Applying InputClass "libinput keyboard catchall"
[ 53735.996] (**) AT Translated Set 2 keyboard: Applying InputClass "system-keyboard"
[ 53735.996] (II) Using input driver 'libinput' for 'AT Translated Set 2 keyboard'
[ 53735.997] (II) systemd-logind: got fd for /dev/input/event2 13:66 fd 52 paused 0
[ 53735.997] (**) AT Translated Set 2 keyboard: always reports core events
[ 53735.997] (**) Option "Device" "/dev/input/event2"
[ 53735.997] (II) event2  - AT Translated Set 2 keyboard: is tagged by udev as: Keyboard
[ 53735.998] (II) event2  - AT Translated Set 2 keyboard: device is a keyboard
[ 53735.999] (II) event2  - AT Translated Set 2 keyboard: device removed
[ 53735.999] (**) Option "config_info" "udev:/sys/devices/platform/i8042/serio0/input/input2/event2"
[ 53735.999] (II) XINPUT: Adding extended input device "AT Translated Set 2 keyboard" (type: KEYBOARD, id 17)
[ 53735.999] (**) Option "xkb_model" "pc105+inet"
[ 53735.999] (**) Option "xkb_layout" "us"
[ 53735.999] (**) Option "xkb_options" "terminate:ctrl_alt_bksp"
[ 53736.000] (II) event2  - AT Translated Set 2 keyboard: is tagged by udev as: Keyboard
[ 53736.000] (II) event2  - AT Translated Set 2 keyboard: device is a keyboard
[ 53736.002] (II) config/udev: Adding input device PC Speaker (/dev/input/event16)
[ 53736.002] (II) No input driver specified, ignoring this device.
[ 53736.002] (II) This device may have been added with another device file.
[ 53736.009] (**) HFD ZH870 Gaming Keyboard: Applying InputClass "libinput pointer catchall"
[ 53736.009] (**) HFD ZH870 Gaming Keyboard: Applying InputClass "libinput keyboard catchall"
[ 53736.009] (**) HFD ZH870 Gaming Keyboard: Applying InputClass "compx L7 Air"
[ 53736.009] (**) HFD ZH870 Gaming Keyboard: Applying InputClass "system-keyboard"
[ 53736.009] (II) Using input driver 'libinput' for 'HFD ZH870 Gaming Keyboard'
[ 53736.009] (II) systemd-logind: returning pre-existing fd for /dev/input/event14 13:78
[ 53736.009] (**) HFD ZH870 Gaming Keyboard: always reports core events
[ 53736.009] (**) Option "Device" "/dev/input/event14"
[ 53736.009] (II) libinput: HFD ZH870 Gaming Keyboard: is a virtual subdevice
[ 53736.009] (**) Option "AccelProfile" "flat"
[ 53736.009] (II) libinput: HFD ZH870 Gaming Keyboard: Step value 0 was provided, libinput Fallback acceleration function is used.
[ 53736.009] (II) libinput: HFD ZH870 Gaming Keyboard: Step value 0 was provided, libinput Fallback acceleration function is used.
[ 53736.009] (II) libinput: HFD ZH870 Gaming Keyboard: Step value 0 was provided, libinput Fallback acceleration function is used.
[ 53736.009] (**) Option "config_info" "udev:/sys/devices/pci0000:00/0000:00:14.0/usb1/1-1/1-1.2/1-1.2:1.1/0003:05AC:024F.0005/input/input14/event14"
[ 53736.009] (II) XINPUT: Adding extended input device "HFD ZH870 Gaming Keyboard" (type: KEYBOARD, id 18)
[ 53736.009] (**) Option "xkb_model" "pc105+inet"
[ 53736.009] (**) Option "xkb_layout" "us"
[ 53736.009] (**) Option "xkb_options" "terminate:ctrl_alt_bksp"
[ 53736.009] (**) Compx 2.4G Wireless Receiver Consumer Control: Applying InputClass "libinput keyboard catchall"
[ 53736.009] (**) Compx 2.4G Wireless Receiver Consumer Control: Applying InputClass "system-keyboard"
[ 53736.009] (II) Using input driver 'libinput' for 'Compx 2.4G Wireless Receiver Consumer Control'
[ 53736.009] (II) systemd-logind: returning pre-existing fd for /dev/input/event6 13:70
[ 53736.009] (**) Compx 2.4G Wireless Receiver Consumer Control: always reports core events
[ 53736.009] (**) Option "Device" "/dev/input/event6"
[ 53736.009] (II) libinput: Compx 2.4G Wireless Receiver Consumer Control: is a virtual subdevice
[ 53736.009] (**) Option "config_info" "udev:/sys/devices/pci0000:00/0000:00:14.0/usb1/1-3/1-3:1.1/0003:3554:F54F.0002/input/input6/event6"
[ 53736.009] (II) XINPUT: Adding extended input device "Compx 2.4G Wireless Receiver Consumer Control" (type: KEYBOARD, id 19)
[ 53736.009] (**) Option "xkb_model" "pc105+inet"
[ 53736.009] (**) Option "xkb_layout" "us"
[ 53736.009] (**) Option "xkb_options" "terminate:ctrl_alt_bksp"
[ 53943.004] (**) Option "fd" "39"
[ 53943.004] (II) event7  - Video Bus: device removed
[ 53943.004] (**) Option "fd" "42"
[ 53943.004] (II) event13 - HFD ZH870 Gaming Keyboard: device removed
[ 53943.004] (**) Option "fd" "43"
[ 53943.004] (**) Option "fd" "44"
[ 53943.004] (II) event12 - ME6S MS_N-B R-UN +3db ME6S: device removed
[ 53943.004] (**) Option "fd" "45"
[ 53943.004] (II) event3  - Compx 2.4G Wireless Receiver: device removed
[ 53943.004] (**) Option "fd" "46"
[ 53943.004] (**) Option "fd" "47"
[ 53943.004] (II) event8  - Compx 2.4G Wireless Receiver System Control: device removed
[ 53943.004] (**) Option "fd" "48"
[ 53943.004] (II) event11 - Compx 2.4G Wireless Receiver: device removed
[ 53943.004] (**) Option "fd" "49"
[ 53943.004] (II) event17 - Elan Touchpad: device removed
[ 53943.004] (**) Option "fd" "50"
[ 53943.004] (II) event15 - Ideapad extra buttons: device removed
[ 53943.005] (**) Option "fd" "51"
[ 53943.005] (II) event1  - Power Button: device removed
[ 53943.005] (**) Option "fd" "52"
[ 53943.005] (II) event2  - AT Translated Set 2 keyboard: device removed
[ 53943.005] (**) Option "fd" "43"
[ 53943.005] (II) event14 - HFD ZH870 Gaming Keyboard: device removed
[ 53943.005] (**) Option "fd" "46"
[ 53943.005] (II) event6  - Compx 2.4G Wireless Receiver Consumer Control: device removed
[ 53943.010] (II) UnloadModule: "libinput"
[ 53943.010] (II) systemd-logind: not releasing fd for 13:70, still in use
[ 53943.010] (II) UnloadModule: "libinput"
[ 53943.010] (II) systemd-logind: not releasing fd for 13:78, still in use
[ 53943.010] (II) UnloadModule: "libinput"
[ 53943.010] (II) systemd-logind: releasing fd for 13:66
[ 53943.010] (II) UnloadModule: "libinput"
[ 53943.010] (II) systemd-logind: releasing fd for 13:65
[ 53943.010] (II) UnloadModule: "libinput"
[ 53943.011] (II) systemd-logind: releasing fd for 13:79
[ 53943.011] (II) UnloadModule: "libinput"
[ 53943.011] (II) systemd-logind: releasing fd for 13:81
[ 53943.011] (II) UnloadModule: "libinput"
[ 53943.011] (II) systemd-logind: releasing fd for 13:75
[ 53943.011] (II) UnloadModule: "libinput"
[ 53943.011] (II) systemd-logind: releasing fd for 13:72
[ 53943.012] (II) UnloadModule: "libinput"
[ 53943.012] (II) systemd-logind: releasing fd for 13:70
[ 53943.012] (II) UnloadModule: "libinput"
[ 53943.012] (II) systemd-logind: releasing fd for 13:67
[ 53943.012] (II) UnloadModule: "libinput"
[ 53943.012] (II) systemd-logind: releasing fd for 13:76
[ 53943.012] (II) UnloadModule: "libinput"
[ 53943.012] (II) systemd-logind: releasing fd for 13:78
[ 53943.013] (II) UnloadModule: "libinput"
[ 53943.013] (II) systemd-logind: releasing fd for 13:77
[ 53943.014] (II) UnloadModule: "libinput"
[ 53943.014] (II) systemd-logind: releasing fd for 13:71
[ 53943.497] (II) NVIDIA(GPU-0): Deleting GPU-0
[ 53944.445] (II) Server terminated successfully (0). Closing log file.
