[  4055.976] 
X.Org X Server 1.21.1.23
X Protocol Version 11, Revision 0
[  4055.980] Current Operating System: Linux YOUR_HOSTNAME 7.0.14-zen1-1-zen #1 ZEN SMP PREEMPT_DYNAMIC Sat, 27 Jun 2026 16:14:55 +0000 x86_64
[  4055.980] Kernel command line: root=PARTUUID=946c6971-ecda-43ce-bd45-a7cebda60526 zswap.enabled=0 rootflags=subvol=@ rw rootfstype=btrfs
[  4055.982]  
[  4055.983] Current version of pixman: 0.46.4
[  4055.984] 	Before reporting problems, check http://wiki.x.org
	to make sure that you have the latest version.
[  4055.984] Markers: (--) probed, (**) from config file, (==) default setting,
	(++) from command line, (!!) notice, (II) informational,
	(WW) warning, (EE) error, (NI) not implemented, (??) unknown.
[  4055.987] (==) Log file: "$HOME/.local/share/xorg/Xorg.4.log", Time: Thu Jul  2 12:30:20 2026
[  4055.988] (==) Using config directory: "/etc/X11/xorg.conf.d"
[  4055.989] (==) Using system config directory "/usr/share/X11/xorg.conf.d"
[  4055.989] (==) No Layout section.  Using the first Screen section.
[  4055.989] (==) No screen section available. Using defaults.
[  4055.989] (**) |-->Screen "Default Screen Section" (0)
[  4055.989] (**) |   |-->Monitor "<default monitor>"
[  4055.989] (==) No monitor specified for screen "Default Screen Section".
	Using a default monitor configuration.
[  4055.989] (**) Allowing byte-swapped clients
[  4055.989] (==) Automatically adding devices
[  4055.989] (==) Automatically enabling devices
[  4055.990] (==) Automatically adding GPU devices
[  4055.990] (==) Automatically binding GPU devices
[  4055.990] (==) Max clients allowed: 256, resource mask: 0x1fffff
[  4055.990] (WW) The directory "/usr/share/fonts/misc" does not exist.
[  4055.990] 	Entry deleted from font path.
[  4055.990] (WW) The directory "/usr/share/fonts/TTF" does not exist.
[  4055.990] 	Entry deleted from font path.
[  4055.990] (WW) The directory "/usr/share/fonts/Type1" does not exist.
[  4055.990] 	Entry deleted from font path.
[  4055.990] (==) FontPath set to:
	/usr/share/fonts/OTF,
	/usr/share/fonts/100dpi,
	/usr/share/fonts/75dpi
[  4055.990] (==) ModulePath set to "/usr/lib/xorg/modules"
[  4055.990] (II) The server relies on udev to provide the list of input devices.
	If no devices become available, reconfigure udev or disable AutoAddDevices.
[  4055.990] (II) Module ABI versions:
[  4055.990] 	X.Org ANSI C Emulation: 0.4
[  4055.990] 	X.Org Video Driver: 25.2
[  4055.990] 	X.Org XInput driver : 24.4
[  4055.990] 	X.Org Server Extension : 10.0
[  4055.990] (++) using VT number 6

[  4055.991] (II) systemd-logind: took control of session /org/freedesktop/login1/session/_36
[  4055.992] (II) xfree86: Adding drm device (/dev/dri/card1)
[  4055.992] (II) Platform probe for /sys/devices/pci0000:00/0000:00:01.0/0000:01:00.0/drm/card1
[  4055.993] (II) systemd-logind: got fd for /dev/dri/card1 226:1 fd 13 paused 0
[  4055.994] (**) OutputClass "nvidia" ModulePath extended to "/usr/lib/nvidia/xorg,/usr/lib/xorg/modules,/usr/lib/xorg/modules"
[  4055.994] (--) PCI:*(1@0:0:0) 10de:1f91:17aa:3a41 rev 161, Mem @ 0xb2000000/16777216, 0xa0000000/268435456, 0xb0000000/33554432, I/O @ 0x00004000/128, BIOS @ 0x????????/524288
[  4055.994] (II) LoadModule: "glx"
[  4055.994] (II) Loading /usr/lib/xorg/modules/extensions/libglx.so
[  4055.995] (II) Module glx: vendor="X.Org Foundation"
[  4055.995] 	compiled for 1.21.1.23, module version = 1.0.0
[  4055.995] 	ABI class: X.Org Server Extension, version 10.0
[  4055.995] (II) Applying OutputClass "nvidia" to /dev/dri/card1
[  4055.995] 	loading driver: nvidia
[  4055.995] (==) Matched nvidia as autoconfigured driver 0
[  4055.995] (==) Matched nouveau as autoconfigured driver 1
[  4055.995] (==) Matched nv as autoconfigured driver 2
[  4055.995] (==) Matched modesetting as autoconfigured driver 3
[  4055.995] (==) Matched fbdev as autoconfigured driver 4
[  4055.995] (==) Matched vesa as autoconfigured driver 5
[  4055.995] (==) Assigned the driver to the xf86ConfigLayout
[  4055.995] (II) LoadModule: "nvidia"
[  4055.996] (II) Loading /usr/lib/xorg/modules/drivers/nvidia_drv.so
[  4055.996] (II) Module nvidia: vendor="NVIDIA Corporation"
[  4055.996] 	compiled for 1.16.99.901, module version = 1.0.0
[  4055.996] 	Module class: X.Org Video Driver
[  4055.996] (II) LoadModule: "nouveau"
[  4055.996] (WW) Warning, couldn't open module nouveau
[  4055.996] (EE) Failed to load module "nouveau" (module does not exist, 0)
[  4055.996] (II) LoadModule: "nv"
[  4055.996] (WW) Warning, couldn't open module nv
[  4055.996] (EE) Failed to load module "nv" (module does not exist, 0)
[  4055.996] (II) LoadModule: "modesetting"
[  4055.996] (II) Loading /usr/lib/xorg/modules/drivers/modesetting_drv.so
[  4055.997] (II) Module modesetting: vendor="X.Org Foundation"
[  4055.997] 	compiled for 1.21.1.23, module version = 1.21.1
[  4055.997] 	Module class: X.Org Video Driver
[  4055.997] 	ABI class: X.Org Video Driver, version 25.2
[  4055.997] (II) LoadModule: "fbdev"
[  4055.997] (WW) Warning, couldn't open module fbdev
[  4055.997] (EE) Failed to load module "fbdev" (module does not exist, 0)
[  4055.997] (II) LoadModule: "vesa"
[  4055.997] (II) Loading /usr/lib/xorg/modules/drivers/vesa_drv.so
[  4055.997] (II) Module vesa: vendor="X.Org Foundation"
[  4055.997] 	compiled for 1.21.1.21, module version = 2.6.0
[  4055.997] 	Module class: X.Org Video Driver
[  4055.997] 	ABI class: X.Org Video Driver, version 25.2
[  4055.997] (II) NVIDIA dlloader X Driver  610.43.02  Tue May 19 11:10:45 UTC 2026
[  4055.997] (II) NVIDIA Unified Driver for all Supported NVIDIA GPUs
[  4055.997] (II) modesetting: Driver for Modesetting Kernel Drivers: kms
[  4055.997] (II) VESA: driver for VESA chipsets: vesa
[  4055.997] xf86EnableIO: failed to enable I/O ports access (Operation not permitted)
[  4055.997] (II) systemd-logind: releasing fd for 226:1
[  4055.997] (II) Loading sub module "fb"
[  4055.997] (II) LoadModule: "fb"
[  4055.997] (II) Module "fb" already built-in
[  4055.997] (II) Loading sub module "wfb"
[  4055.997] (II) LoadModule: "wfb"
[  4055.998] (II) Loading /usr/lib/xorg/modules/libwfb.so
[  4055.998] (II) Module wfb: vendor="X.Org Foundation"
[  4055.998] 	compiled for 1.21.1.23, module version = 1.0.0
[  4055.998] 	ABI class: X.Org ANSI C Emulation, version 0.4
[  4055.998] (WW) Falling back to old probe method for modesetting
[  4055.998] (EE) open /dev/dri/card0: No such file or directory
[  4055.998] (WW) VGA arbiter: cannot open kernel arbiter, no multi-card support
[  4055.998] (II) NVIDIA(0): Creating default Display subsection in Screen section
	"Default Screen Section" for depth/fbbpp 24/32
[  4055.998] (==) NVIDIA(0): Depth 24, (==) framebuffer bpp 32
[  4055.998] (==) NVIDIA(0): RGB weight 888
[  4055.998] (==) NVIDIA(0): Default visual is TrueColor
[  4055.998] (==) NVIDIA(0): Using gamma correction (1.0, 1.0, 1.0)
[  4055.998] (II) Applying OutputClass "nvidia" options to /dev/dri/card1
[  4055.998] (**) NVIDIA(0): Option "AllowEmptyInitialConfiguration"
[  4055.998] (**) NVIDIA(0): Enabling 2D acceleration
[  4055.998] (II) Loading sub module "glxserver_nvidia"
[  4055.998] (II) LoadModule: "glxserver_nvidia"
[  4055.998] (II) Loading /usr/lib/nvidia/xorg/libglxserver_nvidia.so
[  4056.011] (II) Module glxserver_nvidia: vendor="NVIDIA Corporation"
[  4056.011] 	compiled for 1.16.99.901, module version = 1.0.0
[  4056.011] 	Module class: X.Org Server Extension
[  4056.011] (II) NVIDIA GLX Module  610.43.02  Tue May 19 11:12:39 UTC 2026
[  4056.011] (II) NVIDIA: The X server supports PRIME Render Offload.
[  4056.015] (--) NVIDIA(0): Valid display device(s) on GPU-0 at PCI:1:0:0
[  4056.015] (--) NVIDIA(0):     DFP-0 (boot)
[  4056.015] (--) NVIDIA(0):     DFP-1
[  4056.027] (II) NVIDIA(0): NVIDIA GPU NVIDIA GeForce GTX 1650 (TU117-A) at PCI:1:0:0
[  4056.027] (II) NVIDIA(0):     (GPU-0)
[  4056.027] (--) NVIDIA(0): Memory: 4194304 kBytes
[  4056.027] (--) NVIDIA(0): VideoBIOS: 90.17.45.00.43
[  4056.027] (II) NVIDIA(0): Detected PCI Express Link width: 16X
[  4056.184] (--) NVIDIA(GPU-0): LG Display (DFP-0): connected
[  4056.184] (--) NVIDIA(GPU-0): LG Display (DFP-0): Internal DisplayPort
[  4056.184] (--) NVIDIA(GPU-0): LG Display (DFP-0): 2660.0 MHz maximum pixel clock
[  4056.184] (--) NVIDIA(GPU-0): 
[  4056.184] (--) NVIDIA(GPU-0): DFP-1: disconnected
[  4056.184] (--) NVIDIA(GPU-0): DFP-1: Internal TMDS
[  4056.184] (--) NVIDIA(GPU-0): DFP-1: 165.0 MHz maximum pixel clock
[  4056.184] (--) NVIDIA(GPU-0): 
[  4056.189] (==) NVIDIA(0): 
[  4056.189] (==) NVIDIA(0): No modes were requested; the default mode "nvidia-auto-select"
[  4056.189] (==) NVIDIA(0):     will be used as the requested mode.
[  4056.189] (==) NVIDIA(0): 
[  4056.195] (II) NVIDIA(0): Validated MetaModes:
[  4056.195] (II) NVIDIA(0):     "DFP-0:nvidia-auto-select"
[  4056.195] (II) NVIDIA(0): Virtual screen size determined to be 1920 x 1080
[  4056.278] (--) NVIDIA(0): DPI set to (128, 130); computed from "UseEdidDpi" X config
[  4056.278] (--) NVIDIA(0):     option
[  4056.278] (II) UnloadModule: "modesetting"
[  4056.278] (II) Unloading modesetting
[  4056.278] (II) UnloadModule: "vesa"
[  4056.278] (II) Unloading vesa
[  4056.278] (WW) NVIDIA: Failed to bind sideband socket to
[  4056.278] (WW) NVIDIA:     '/var/run/nvidia-xdriver-74a18ae7' Permission denied
[  4056.278] (II) NVIDIA: Reserving 24576.00 MB of virtual memory for indirect memory
[  4056.278] (II) NVIDIA:     access.
[  4056.319] (II) NVIDIA(0): ACPI: failed to connect to the ACPI event daemon; the daemon
[  4056.319] (II) NVIDIA(0):     may not be running or the "AcpidSocketPath" X
[  4056.319] (II) NVIDIA(0):     configuration option may not be set correctly.  When the
[  4056.319] (II) NVIDIA(0):     ACPI event daemon is available, the NVIDIA X driver will
[  4056.319] (II) NVIDIA(0):     try to use it to receive ACPI event notifications.  For
[  4056.319] (II) NVIDIA(0):     details, please see the "ConnectToAcpid" and
[  4056.319] (II) NVIDIA(0):     "AcpidSocketPath" X configuration options in Appendix B: X
[  4056.319] (II) NVIDIA(0):     Config Options in the README.
[  4056.346] (II) NVIDIA(0): Setting mode "DFP-0:nvidia-auto-select"
[  4057.287] (II) NVIDIA(0): Disabling shared memory pixmaps
[  4057.287] (==) NVIDIA(0): Backing store enabled
[  4057.287] (==) NVIDIA(0): Silken mouse enabled
[  4057.287] (==) NVIDIA(0): DPMS enabled
[  4057.287] (II) Loading sub module "dri2"
[  4057.287] (II) LoadModule: "dri2"
[  4057.287] (II) Module "dri2" already built-in
[  4057.287] (II) NVIDIA(0): [DRI2] Setup complete
[  4057.287] (II) NVIDIA(0): [DRI2]   VDPAU driver: nvidia
[  4057.288] (II) Initializing extension Generic Event Extension
[  4057.288] (II) Initializing extension SHAPE
[  4057.288] (II) Initializing extension MIT-SHM
[  4057.288] (II) Initializing extension XInputExtension
[  4057.288] (II) Initializing extension XTEST
[  4057.289] (II) Initializing extension BIG-REQUESTS
[  4057.289] (II) Initializing extension SYNC
[  4057.289] (II) Initializing extension XKEYBOARD
[  4057.289] (II) Initializing extension XC-MISC
[  4057.289] (II) Initializing extension SECURITY
[  4057.289] (II) Initializing extension XFIXES
[  4057.289] (II) Initializing extension RENDER
[  4057.289] (II) Initializing extension RANDR
[  4057.289] (II) Initializing extension COMPOSITE
[  4057.289] (II) Initializing extension DAMAGE
[  4057.289] (II) Initializing extension MIT-SCREEN-SAVER
[  4057.290] (II) Initializing extension DOUBLE-BUFFER
[  4057.290] (II) Initializing extension RECORD
[  4057.290] (II) Initializing extension DPMS
[  4057.290] (II) Initializing extension Present
[  4057.290] (II) Initializing extension DRI3
[  4057.290] (II) Initializing extension X-Resource
[  4057.290] (II) Initializing extension XVideo
[  4057.290] (II) Initializing extension XVideo-MotionCompensation
[  4057.290] (II) Initializing extension GLX
[  4057.290] (II) Initializing extension GLX
[  4057.290] (II) Indirect GLX disabled.
[  4057.290] (II) GLX: Another vendor is already registered for screen 0
[  4057.290] (II) Initializing extension XFree86-VidModeExtension
[  4057.290] (II) Initializing extension XFree86-DGA
[  4057.290] (II) Initializing extension XFree86-DRI
[  4057.290] (II) Initializing extension DRI2
[  4057.291] (II) Initializing extension NV-GLX
[  4057.291] (II) Initializing extension NV-CONTROL
[  4057.291] (II) Initializing extension XINERAMA
[  4057.396] (II) config/udev: Adding input device HDA NVidia HDMI/DP,pcm=9 (/dev/input/event10)
[  4057.396] (II) No input driver specified, ignoring this device.
[  4057.396] (II) This device may have been added with another device file.
[  4057.396] (II) config/udev: Adding input device HDA NVidia HDMI/DP,pcm=3 (/dev/input/event7)
[  4057.396] (II) No input driver specified, ignoring this device.
[  4057.396] (II) This device may have been added with another device file.
[  4057.397] (II) config/udev: Adding input device HDA NVidia HDMI/DP,pcm=7 (/dev/input/event8)
[  4057.397] (II) No input driver specified, ignoring this device.
[  4057.397] (II) This device may have been added with another device file.
[  4057.397] (II) config/udev: Adding input device HDA NVidia HDMI/DP,pcm=8 (/dev/input/event9)
[  4057.397] (II) No input driver specified, ignoring this device.
[  4057.397] (II) This device may have been added with another device file.
[  4057.398] (II) config/udev: Adding input device Video Bus (/dev/input/event3)
[  4057.398] (**) Video Bus: Applying InputClass "libinput keyboard catchall"
[  4057.398] (**) Video Bus: Applying InputClass "system-keyboard"
[  4057.398] (II) LoadModule: "libinput"
[  4057.398] (II) Loading /usr/lib/xorg/modules/input/libinput_drv.so
[  4057.400] (II) Module libinput: vendor="X.Org Foundation"
[  4057.400] 	compiled for 1.21.1.13, module version = 1.5.0
[  4057.400] 	Module class: X.Org XInput Driver
[  4057.400] 	ABI class: X.Org XInput driver, version 24.4
[  4057.400] (II) Using input driver 'libinput' for 'Video Bus'
[  4057.401] (II) systemd-logind: got fd for /dev/input/event3 13:67 fd 39 paused 0
[  4057.401] (**) Video Bus: always reports core events
[  4057.401] (**) Option "Device" "/dev/input/event3"
[  4057.403] (II) event3  - Video Bus: is tagged by udev as: Keyboard
[  4057.403] (II) event3  - Video Bus: device is a keyboard
[  4057.403] (II) event3  - Video Bus: device removed
[  4057.403] (**) Option "config_info" "udev:/sys/devices/pci0000:00/0000:00:01.0/acpi.video_bus.0/input/input3/event3"
[  4057.403] (II) XINPUT: Adding extended input device "Video Bus" (type: KEYBOARD, id 6)
[  4057.403] (**) Option "xkb_model" "pc105+inet"
[  4057.403] (**) Option "xkb_layout" "us"
[  4057.403] (**) Option "xkb_options" "terminate:ctrl_alt_bksp"
[  4057.424] (II) event3  - Video Bus: is tagged by udev as: Keyboard
[  4057.424] (II) event3  - Video Bus: device is a keyboard
[  4057.425] (II) config/udev: Adding input device Elan Touchpad (/dev/input/event6)
[  4057.425] (**) Elan Touchpad: Applying InputClass "libinput touchpad catchall"
[  4057.425] (II) Using input driver 'libinput' for 'Elan Touchpad'
[  4057.426] (II) systemd-logind: got fd for /dev/input/event6 13:70 fd 42 paused 0
[  4057.426] (**) Elan Touchpad: always reports core events
[  4057.426] (**) Option "Device" "/dev/input/event6"
[  4057.427] (II) event6  - Elan Touchpad: is tagged by udev as: Touchpad
[  4057.429] (II) event6  - Elan Touchpad: device is a touchpad
[  4057.429] (II) event6  - Elan Touchpad: device removed
[  4057.429] (II) libinput: Elan Touchpad: Step value 0 was provided, libinput Fallback acceleration function is used.
[  4057.429] (II) libinput: Elan Touchpad: Step value 0 was provided, libinput Fallback acceleration function is used.
[  4057.429] (II) libinput: Elan Touchpad: Step value 0 was provided, libinput Fallback acceleration function is used.
[  4057.429] (**) Option "config_info" "udev:/sys/devices/pci0000:00/0000:00:15.1/i2c_designware.1/i2c-1/i2c-ELAN0626:00/input/input6/event6"
[  4057.429] (II) XINPUT: Adding extended input device "Elan Touchpad" (type: TOUCHPAD, id 7)
[  4057.431] (**) Option "AccelerationScheme" "none"
[  4057.431] (**) Elan Touchpad: (accel) selected scheme none/0
[  4057.431] (**) Elan Touchpad: (accel) acceleration factor: 2.000
[  4057.431] (**) Elan Touchpad: (accel) acceleration threshold: 4
[  4057.432] (II) event6  - Elan Touchpad: is tagged by udev as: Touchpad
[  4057.434] (II) event6  - Elan Touchpad: device is a touchpad
[  4057.435] (II) config/udev: Adding input device Elan Touchpad (/dev/input/mouse0)
[  4057.435] (II) No input driver specified, ignoring this device.
[  4057.435] (II) This device may have been added with another device file.
[  4057.436] (II) config/udev: Adding input device Ideapad extra buttons (/dev/input/event4)
[  4057.436] (**) Ideapad extra buttons: Applying InputClass "libinput keyboard catchall"
[  4057.436] (**) Ideapad extra buttons: Applying InputClass "system-keyboard"
[  4057.436] (II) Using input driver 'libinput' for 'Ideapad extra buttons'
[  4057.436] (II) systemd-logind: got fd for /dev/input/event4 13:68 fd 43 paused 0
[  4057.436] (**) Ideapad extra buttons: always reports core events
[  4057.436] (**) Option "Device" "/dev/input/event4"
[  4057.437] (II) event4  - Ideapad extra buttons: is tagged by udev as: Keyboard
[  4057.438] (II) event4  - Ideapad extra buttons: device is a keyboard
[  4057.438] (II) event4  - Ideapad extra buttons: device removed
[  4057.438] (**) Option "config_info" "udev:/sys/devices/pci0000:00/0000:00:1f.0/PNP0C09:00/VPC2004:00/input/input4/event4"
[  4057.438] (II) XINPUT: Adding extended input device "Ideapad extra buttons" (type: KEYBOARD, id 8)
[  4057.438] (**) Option "xkb_model" "pc105+inet"
[  4057.438] (**) Option "xkb_layout" "us"
[  4057.438] (**) Option "xkb_options" "terminate:ctrl_alt_bksp"
[  4057.439] (II) event4  - Ideapad extra buttons: is tagged by udev as: Keyboard
[  4057.439] (II) event4  - Ideapad extra buttons: device is a keyboard
[  4057.439] (II) config/udev: Adding input device HDA Intel PCH Mic (/dev/input/event11)
[  4057.439] (II) No input driver specified, ignoring this device.
[  4057.439] (II) This device may have been added with another device file.
[  4057.440] (II) config/udev: Adding input device HDA Intel PCH Headphone (/dev/input/event12)
[  4057.440] (II) No input driver specified, ignoring this device.
[  4057.440] (II) This device may have been added with another device file.
[  4057.440] (II) config/udev: Adding input device Power Button (/dev/input/event1)
[  4057.440] (**) Power Button: Applying InputClass "libinput keyboard catchall"
[  4057.440] (**) Power Button: Applying InputClass "system-keyboard"
[  4057.440] (II) Using input driver 'libinput' for 'Power Button'
[  4057.441] (II) systemd-logind: got fd for /dev/input/event1 13:65 fd 44 paused 0
[  4057.441] (**) Power Button: always reports core events
[  4057.441] (**) Option "Device" "/dev/input/event1"
[  4057.442] (II) event1  - Power Button: is tagged by udev as: Keyboard
[  4057.442] (II) event1  - Power Button: device is a keyboard
[  4057.442] (II) event1  - Power Button: device removed
[  4057.442] (**) Option "config_info" "udev:/sys/devices/platform/PNP0C0C:00/input/input1/event1"
[  4057.442] (II) XINPUT: Adding extended input device "Power Button" (type: KEYBOARD, id 9)
[  4057.442] (**) Option "xkb_model" "pc105+inet"
[  4057.442] (**) Option "xkb_layout" "us"
[  4057.442] (**) Option "xkb_options" "terminate:ctrl_alt_bksp"
[  4057.443] (II) event1  - Power Button: is tagged by udev as: Keyboard
[  4057.443] (II) event1  - Power Button: device is a keyboard
[  4057.443] (II) config/udev: Adding input device Lid Switch (/dev/input/event0)
[  4057.443] (II) No input driver specified, ignoring this device.
[  4057.443] (II) This device may have been added with another device file.
[  4057.444] (II) config/udev: Adding input device AT Translated Set 2 keyboard (/dev/input/event2)
[  4057.444] (**) AT Translated Set 2 keyboard: Applying InputClass "libinput keyboard catchall"
[  4057.444] (**) AT Translated Set 2 keyboard: Applying InputClass "system-keyboard"
[  4057.444] (II) Using input driver 'libinput' for 'AT Translated Set 2 keyboard'
[  4057.445] (II) systemd-logind: got fd for /dev/input/event2 13:66 fd 45 paused 0
[  4057.445] (**) AT Translated Set 2 keyboard: always reports core events
[  4057.445] (**) Option "Device" "/dev/input/event2"
[  4057.446] (II) event2  - AT Translated Set 2 keyboard: is tagged by udev as: Keyboard
[  4057.446] (II) event2  - AT Translated Set 2 keyboard: device is a keyboard
[  4057.446] (II) event2  - AT Translated Set 2 keyboard: device removed
[  4057.446] (**) Option "config_info" "udev:/sys/devices/platform/i8042/serio0/input/input2/event2"
[  4057.446] (II) XINPUT: Adding extended input device "AT Translated Set 2 keyboard" (type: KEYBOARD, id 10)
[  4057.446] (**) Option "xkb_model" "pc105+inet"
[  4057.446] (**) Option "xkb_layout" "us"
[  4057.446] (**) Option "xkb_options" "terminate:ctrl_alt_bksp"
[  4057.447] (II) event2  - AT Translated Set 2 keyboard: is tagged by udev as: Keyboard
[  4057.447] (II) event2  - AT Translated Set 2 keyboard: device is a keyboard
[  4057.448] (II) config/udev: Adding input device PC Speaker (/dev/input/event5)
[  4057.448] (II) No input driver specified, ignoring this device.
[  4057.448] (II) This device may have been added with another device file.
[  4514.340] (II) config/udev: removing device Video Bus
[  4514.340] (**) Option "fd" "39"
[  4514.341] (II) event3  - Video Bus: device removed
[  4514.341] (II) UnloadModule: "libinput"
[  4514.341] (II) systemd-logind: releasing fd for 13:67
[  4514.342] (II) config/udev: Adding input device Video Bus (/dev/input/event3)
[  4514.342] (**) Video Bus: Applying InputClass "libinput keyboard catchall"
[  4514.342] (**) Video Bus: Applying InputClass "system-keyboard"
[  4514.342] (II) Using input driver 'libinput' for 'Video Bus'
[  4514.354] (II) systemd-logind: got fd for /dev/input/event3 13:67 fd 48 paused 0
[  4514.354] (**) Video Bus: always reports core events
[  4514.354] (**) Option "Device" "/dev/input/event3"
[  4514.395] (II) event3  - Video Bus: is tagged by udev as: Keyboard
[  4514.407] (II) event3  - Video Bus: device is a keyboard
[  4514.433] (II) event3  - Video Bus: device removed
[  4514.433] (**) Option "config_info" "udev:/sys/devices/pci0000:00/0000:00:01.0/acpi.video_bus.0/input/input3/event3"
[  4514.433] (II) XINPUT: Adding extended input device "Video Bus" (type: KEYBOARD, id 6)
[  4514.433] (**) Option "xkb_model" "pc105+inet"
[  4514.434] (**) Option "xkb_layout" "us"
[  4514.434] (**) Option "xkb_options" "terminate:ctrl_alt_bksp"
[  4514.456] (II) event3  - Video Bus: is tagged by udev as: Keyboard
[  4514.456] (II) event3  - Video Bus: device is a keyboard
[  4514.457] (II) config/udev: Adding input device HDA NVidia HDMI/DP,pcm=3 (/dev/input/event7)
[  4514.457] (II) No input driver specified, ignoring this device.
[  4514.457] (II) This device may have been added with another device file.
[  4514.458] (II) config/udev: Adding input device HDA NVidia HDMI/DP,pcm=8 (/dev/input/event9)
[  4514.458] (II) No input driver specified, ignoring this device.
[  4514.458] (II) This device may have been added with another device file.
[  4514.458] (II) config/udev: removing device Elan Touchpad
[  4514.458] (**) Option "fd" "42"
[  4514.458] (II) event6  - Elan Touchpad: device removed
[  4514.458] (II) UnloadModule: "libinput"
[  4514.458] (II) systemd-logind: releasing fd for 13:70
[  4514.468] (II) config/udev: Adding input device Elan Touchpad (/dev/input/event6)
[  4514.468] (**) Elan Touchpad: Applying InputClass "libinput touchpad catchall"
[  4514.468] (II) Using input driver 'libinput' for 'Elan Touchpad'
[  4514.469] (II) systemd-logind: got fd for /dev/input/event6 13:70 fd 42 paused 0
[  4514.469] (**) Elan Touchpad: always reports core events
[  4514.469] (**) Option "Device" "/dev/input/event6"
[  4514.470] (II) event6  - Elan Touchpad: is tagged by udev as: Touchpad
[  4514.472] (II) event6  - Elan Touchpad: device is a touchpad
[  4514.472] (II) event6  - Elan Touchpad: device removed
[  4514.472] (II) libinput: Elan Touchpad: Step value 0 was provided, libinput Fallback acceleration function is used.
[  4514.472] (II) libinput: Elan Touchpad: Step value 0 was provided, libinput Fallback acceleration function is used.
[  4514.472] (II) libinput: Elan Touchpad: Step value 0 was provided, libinput Fallback acceleration function is used.
[  4514.473] (**) Option "config_info" "udev:/sys/devices/pci0000:00/0000:00:15.1/i2c_designware.1/i2c-1/i2c-ELAN0626:00/input/input6/event6"
[  4514.473] (II) XINPUT: Adding extended input device "Elan Touchpad" (type: TOUCHPAD, id 7)
[  4514.474] (**) Option "AccelerationScheme" "none"
[  4514.474] (**) Elan Touchpad: (accel) selected scheme none/0
[  4514.474] (**) Elan Touchpad: (accel) acceleration factor: 2.000
[  4514.474] (**) Elan Touchpad: (accel) acceleration threshold: 4
[  4514.475] (II) event6  - Elan Touchpad: is tagged by udev as: Touchpad
[  4514.478] (II) event6  - Elan Touchpad: device is a touchpad
[  4514.479] (II) config/udev: Adding input device Elan Touchpad (/dev/input/mouse0)
[  4514.479] (II) No input driver specified, ignoring this device.
[  4514.479] (II) This device may have been added with another device file.
[  4514.479] (II) config/udev: Adding input device HDA NVidia HDMI/DP,pcm=7 (/dev/input/event8)
[  4514.479] (II) No input driver specified, ignoring this device.
[  4514.479] (II) This device may have been added with another device file.
[  4514.480] (II) config/udev: Adding input device HDA NVidia HDMI/DP,pcm=9 (/dev/input/event10)
[  4514.480] (II) No input driver specified, ignoring this device.
[  4514.480] (II) This device may have been added with another device file.
[  4514.480] (II) config/udev: removing device Ideapad extra buttons
[  4514.480] (**) Option "fd" "43"
[  4514.480] (II) event4  - Ideapad extra buttons: device removed
[  4514.480] (II) UnloadModule: "libinput"
[  4514.480] (II) systemd-logind: releasing fd for 13:68
[  4514.481] (II) config/udev: Adding input device Ideapad extra buttons (/dev/input/event4)
[  4514.481] (**) Ideapad extra buttons: Applying InputClass "libinput keyboard catchall"
[  4514.481] (**) Ideapad extra buttons: Applying InputClass "system-keyboard"
[  4514.481] (II) Using input driver 'libinput' for 'Ideapad extra buttons'
[  4514.490] (II) systemd-logind: got fd for /dev/input/event4 13:68 fd 43 paused 0
[  4514.490] (**) Ideapad extra buttons: always reports core events
[  4514.490] (**) Option "Device" "/dev/input/event4"
[  4514.491] (II) event4  - Ideapad extra buttons: is tagged by udev as: Keyboard
[  4514.491] (II) event4  - Ideapad extra buttons: device is a keyboard
[  4514.491] (II) event4  - Ideapad extra buttons: device removed
[  4514.491] (**) Option "config_info" "udev:/sys/devices/pci0000:00/0000:00:1f.0/PNP0C09:00/VPC2004:00/input/input4/event4"
[  4514.491] (II) XINPUT: Adding extended input device "Ideapad extra buttons" (type: KEYBOARD, id 8)
[  4514.491] (**) Option "xkb_model" "pc105+inet"
[  4514.491] (**) Option "xkb_layout" "us"
[  4514.491] (**) Option "xkb_options" "terminate:ctrl_alt_bksp"
[  4514.492] (II) event4  - Ideapad extra buttons: is tagged by udev as: Keyboard
[  4514.493] (II) event4  - Ideapad extra buttons: device is a keyboard
[  4514.497] (II) config/udev: Adding input device HDA Intel PCH Mic (/dev/input/event11)
[  4514.497] (II) No input driver specified, ignoring this device.
[  4514.497] (II) This device may have been added with another device file.
[  4514.497] (II) config/udev: Adding input device Lid Switch (/dev/input/event0)
[  4514.497] (II) No input driver specified, ignoring this device.
[  4514.497] (II) This device may have been added with another device file.
[  4514.497] (II) config/udev: Adding input device HDA Intel PCH Headphone (/dev/input/event12)
[  4514.498] (II) No input driver specified, ignoring this device.
[  4514.498] (II) This device may have been added with another device file.
[  4514.499] (II) config/udev: removing device Power Button
[  4514.499] (**) Option "fd" "44"
[  4514.499] (II) event1  - Power Button: device removed
[  4514.499] (II) UnloadModule: "libinput"
[  4514.499] (II) systemd-logind: releasing fd for 13:65
[  4514.500] (II) config/udev: Adding input device Power Button (/dev/input/event1)
[  4514.500] (**) Power Button: Applying InputClass "libinput keyboard catchall"
[  4514.500] (**) Power Button: Applying InputClass "system-keyboard"
[  4514.500] (II) Using input driver 'libinput' for 'Power Button'
[  4514.500] (II) systemd-logind: got fd for /dev/input/event1 13:65 fd 44 paused 0
[  4514.500] (**) Power Button: always reports core events
[  4514.500] (**) Option "Device" "/dev/input/event1"
[  4514.501] (II) event1  - Power Button: is tagged by udev as: Keyboard
[  4514.501] (II) event1  - Power Button: device is a keyboard
[  4514.501] (II) event1  - Power Button: device removed
[  4514.501] (**) Option "config_info" "udev:/sys/devices/platform/PNP0C0C:00/input/input1/event1"
[  4514.501] (II) XINPUT: Adding extended input device "Power Button" (type: KEYBOARD, id 9)
[  4514.501] (**) Option "xkb_model" "pc105+inet"
[  4514.501] (**) Option "xkb_layout" "us"
[  4514.501] (**) Option "xkb_options" "terminate:ctrl_alt_bksp"
[  4514.502] (II) event1  - Power Button: is tagged by udev as: Keyboard
[  4514.502] (II) event1  - Power Button: device is a keyboard
[  4514.504] (II) config/udev: Adding input device PC Speaker (/dev/input/event5)
[  4514.504] (II) No input driver specified, ignoring this device.
[  4514.504] (II) This device may have been added with another device file.
[  4514.504] (II) config/udev: removing device AT Translated Set 2 keyboard
[  4514.504] (**) Option "fd" "45"
[  4514.504] (II) event2  - AT Translated Set 2 keyboard: device removed
[  4514.504] (II) UnloadModule: "libinput"
[  4514.504] (II) systemd-logind: releasing fd for 13:66
[  4514.505] (II) config/udev: Adding input device AT Translated Set 2 keyboard (/dev/input/event2)
[  4514.505] (**) AT Translated Set 2 keyboard: Applying InputClass "libinput keyboard catchall"
[  4514.505] (**) AT Translated Set 2 keyboard: Applying InputClass "system-keyboard"
[  4514.505] (II) Using input driver 'libinput' for 'AT Translated Set 2 keyboard'
[  4514.506] (II) systemd-logind: got fd for /dev/input/event2 13:66 fd 45 paused 0
[  4514.506] (**) AT Translated Set 2 keyboard: always reports core events
[  4514.506] (**) Option "Device" "/dev/input/event2"
[  4514.507] (II) event2  - AT Translated Set 2 keyboard: is tagged by udev as: Keyboard
[  4514.507] (II) event2  - AT Translated Set 2 keyboard: device is a keyboard
[  4514.507] (II) event2  - AT Translated Set 2 keyboard: device removed
[  4514.507] (**) Option "config_info" "udev:/sys/devices/platform/i8042/serio0/input/input2/event2"
[  4514.507] (II) XINPUT: Adding extended input device "AT Translated Set 2 keyboard" (type: KEYBOARD, id 10)
[  4514.507] (**) Option "xkb_model" "pc105+inet"
[  4514.507] (**) Option "xkb_layout" "us"
[  4514.507] (**) Option "xkb_options" "terminate:ctrl_alt_bksp"
[  4514.508] (II) event2  - AT Translated Set 2 keyboard: is tagged by udev as: Keyboard
[  4514.508] (II) event2  - AT Translated Set 2 keyboard: device is a keyboard
[  4940.002] (**) Option "fd" "48"
[  4940.002] (II) event3  - Video Bus: device removed
[  4940.002] (**) Option "fd" "42"
[  4940.002] (II) event6  - Elan Touchpad: device removed
[  4940.002] (**) Option "fd" "43"
[  4940.002] (II) event4  - Ideapad extra buttons: device removed
[  4940.002] (**) Option "fd" "44"
[  4940.002] (II) event1  - Power Button: device removed
[  4940.003] (**) Option "fd" "45"
[  4940.003] (II) event2  - AT Translated Set 2 keyboard: device removed
[  4940.027] (II) UnloadModule: "libinput"
[  4940.027] (II) systemd-logind: releasing fd for 13:66
[  4940.057] (II) UnloadModule: "libinput"
[  4940.057] (II) systemd-logind: releasing fd for 13:65
[  4940.057] (II) UnloadModule: "libinput"
[  4940.057] (II) systemd-logind: releasing fd for 13:68
[  4940.057] (II) UnloadModule: "libinput"
[  4940.057] (II) systemd-logind: releasing fd for 13:70
[  4940.058] (II) UnloadModule: "libinput"
[  4940.058] (II) systemd-logind: releasing fd for 13:67
[  4941.362] (II) NVIDIA(GPU-0): Deleting GPU-0
[  4941.363] (WW) xf86CloseConsole: KDSETMODE failed: Input/output error
[  4941.363] (WW) xf86CloseConsole: VT_GETMODE failed: Input/output error
[  4941.363] (WW) xf86OpenConsole: VT_GETSTATE failed: Input/output error
[  4941.364] (II) Server terminated successfully (0). Closing log file.
