[  4409.710] 
X.Org X Server 1.21.1.24
X Protocol Version 11, Revision 0
[  4409.710] Current Operating System: Linux YOUR_HOSTNAME 7.1.11-zen1-1-zen #1 ZEN SMP PREEMPT_DYNAMIC Fri, 28 Aug 2026 03:35:56 +0000 x86_64
[  4409.710] Kernel command line: root=PARTUUID=946c6971-ecda-43ce-bd45-a7cebda60526 zswap.enabled=0 rootflags=subvol=@ rw rootfstype=btrfs
[  4409.710]  
[  4409.710] Current version of pixman: 0.46.4
[  4409.710] 	Before reporting problems, check http://wiki.x.org
	to make sure that you have the latest version.
[  4409.710] Markers: (--) probed, (**) from config file, (==) default setting,
	(++) from command line, (!!) notice, (II) informational,
	(WW) warning, (EE) error, (NI) not implemented, (??) unknown.
[  4409.710] (==) Log file: "$HOME/.local/share/xorg/Xorg.3.log", Time: Mon Sep  7 01:12:27 2026
[  4409.710] (==) Using config directory: "/etc/X11/xorg.conf.d"
[  4409.710] (==) Using system config directory "/usr/share/X11/xorg.conf.d"
[  4409.710] (==) No Layout section.  Using the first Screen section.
[  4409.710] (==) No screen section available. Using defaults.
[  4409.710] (**) |-->Screen "Default Screen Section" (0)
[  4409.710] (**) |   |-->Monitor "<default monitor>"
[  4409.710] (==) No monitor specified for screen "Default Screen Section".
	Using a default monitor configuration.
[  4409.710] (**) Allowing byte-swapped clients
[  4409.710] (==) Automatically adding devices
[  4409.710] (==) Automatically enabling devices
[  4409.710] (==) Automatically adding GPU devices
[  4409.710] (==) Automatically binding GPU devices
[  4409.710] (==) Max clients allowed: 256, resource mask: 0x1fffff
[  4409.710] (WW) The directory "/usr/share/fonts/Type1" does not exist.
[  4409.710] 	Entry deleted from font path.
[  4409.710] (==) FontPath set to:
	/usr/share/fonts/misc,
	/usr/share/fonts/TTF,
	/usr/share/fonts/OTF,
	/usr/share/fonts/100dpi,
	/usr/share/fonts/75dpi
[  4409.710] (==) ModulePath set to "/usr/lib/xorg/modules"
[  4409.710] (II) The server relies on udev to provide the list of input devices.
	If no devices become available, reconfigure udev or disable AutoAddDevices.
[  4409.710] (II) Module ABI versions:
[  4409.710] 	X.Org ANSI C Emulation: 0.4
[  4409.710] 	X.Org Video Driver: 25.2
[  4409.710] 	X.Org XInput driver : 24.4
[  4409.710] 	X.Org Server Extension : 10.0
[  4409.711] (++) using VT number 4

[  4409.711] (II) systemd-logind: took control of session /org/freedesktop/login1/session/_35
[  4409.712] (II) xfree86: Adding drm device (/dev/dri/card1)
[  4409.712] (II) Platform probe for /sys/devices/pci0000:00/0000:00:01.0/0000:01:00.0/drm/card1
[  4409.712] (II) systemd-logind: got fd for /dev/dri/card1 226:1 fd 13 paused 0
[  4409.713] (**) OutputClass "nvidia" ModulePath extended to "/usr/lib/nvidia/xorg,/usr/lib/xorg/modules,/usr/lib/xorg/modules"
[  4409.713] (--) PCI:*(1@0:0:0) 10de:1f91:17aa:3a41 rev 161, Mem @ 0xb2000000/16777216, 0xa0000000/268435456, 0xb0000000/33554432, I/O @ 0x00004000/128, BIOS @ 0x????????/524288
[  4409.713] (II) LoadModule: "glx"
[  4409.713] (II) Loading /usr/lib/xorg/modules/extensions/libglx.so
[  4409.714] (II) Module glx: vendor="X.Org Foundation"
[  4409.714] 	compiled for 1.21.1.24, module version = 1.0.0
[  4409.714] 	ABI class: X.Org Server Extension, version 10.0
[  4409.714] (II) Applying OutputClass "nvidia" to /dev/dri/card1
[  4409.714] 	loading driver: nvidia
[  4409.714] (==) Matched nvidia as autoconfigured driver 0
[  4409.714] (==) Matched nouveau as autoconfigured driver 1
[  4409.714] (==) Matched nv as autoconfigured driver 2
[  4409.714] (==) Matched modesetting as autoconfigured driver 3
[  4409.714] (==) Matched fbdev as autoconfigured driver 4
[  4409.714] (==) Matched vesa as autoconfigured driver 5
[  4409.714] (==) Assigned the driver to the xf86ConfigLayout
[  4409.714] (II) LoadModule: "nvidia"
[  4409.714] (II) Loading /usr/lib/xorg/modules/drivers/nvidia_drv.so
[  4409.714] (II) Module nvidia: vendor="NVIDIA Corporation"
[  4409.714] 	compiled for 1.16.99.901, module version = 1.0.0
[  4409.714] 	Module class: X.Org Video Driver
[  4409.714] (II) LoadModule: "nouveau"
[  4409.715] (WW) Warning, couldn't open module nouveau
[  4409.715] (EE) Failed to load module "nouveau" (module does not exist, 0)
[  4409.715] (II) LoadModule: "nv"
[  4409.715] (WW) Warning, couldn't open module nv
[  4409.715] (EE) Failed to load module "nv" (module does not exist, 0)
[  4409.715] (II) LoadModule: "modesetting"
[  4409.715] (II) Loading /usr/lib/xorg/modules/drivers/modesetting_drv.so
[  4409.715] (II) Module modesetting: vendor="X.Org Foundation"
[  4409.715] 	compiled for 1.21.1.24, module version = 1.21.1
[  4409.715] 	Module class: X.Org Video Driver
[  4409.715] 	ABI class: X.Org Video Driver, version 25.2
[  4409.715] (II) LoadModule: "fbdev"
[  4409.715] (WW) Warning, couldn't open module fbdev
[  4409.715] (EE) Failed to load module "fbdev" (module does not exist, 0)
[  4409.715] (II) LoadModule: "vesa"
[  4409.715] (II) Loading /usr/lib/xorg/modules/drivers/vesa_drv.so
[  4409.715] (II) Module vesa: vendor="X.Org Foundation"
[  4409.715] 	compiled for 1.21.1.21, module version = 2.6.0
[  4409.715] 	Module class: X.Org Video Driver
[  4409.715] 	ABI class: X.Org Video Driver, version 25.2
[  4409.715] (II) NVIDIA dlloader X Driver  610.57.04  Wed Jul 29 02:30:50 UTC 2026
[  4409.715] (II) NVIDIA Unified Driver for all Supported NVIDIA GPUs
[  4409.715] (II) modesetting: Driver for Modesetting Kernel Drivers: kms
[  4409.715] (II) VESA: driver for VESA chipsets: vesa
[  4409.715] xf86EnableIO: failed to enable I/O ports access (Operation not permitted)
[  4409.715] (II) systemd-logind: releasing fd for 226:1
[  4409.716] (II) Loading sub module "fb"
[  4409.716] (II) LoadModule: "fb"
[  4409.716] (II) Module "fb" already built-in
[  4409.716] (II) Loading sub module "wfb"
[  4409.716] (II) LoadModule: "wfb"
[  4409.716] (II) Loading /usr/lib/xorg/modules/libwfb.so
[  4409.716] (II) Module wfb: vendor="X.Org Foundation"
[  4409.716] 	compiled for 1.21.1.24, module version = 1.0.0
[  4409.716] 	ABI class: X.Org ANSI C Emulation, version 0.4
[  4409.716] (WW) Falling back to old probe method for modesetting
[  4409.716] (EE) open /dev/dri/card0: No such file or directory
[  4409.716] (WW) VGA arbiter: cannot open kernel arbiter, no multi-card support
[  4409.716] (II) NVIDIA(0): Creating default Display subsection in Screen section
	"Default Screen Section" for depth/fbbpp 24/32
[  4409.716] (==) NVIDIA(0): Depth 24, (==) framebuffer bpp 32
[  4409.716] (==) NVIDIA(0): RGB weight 888
[  4409.716] (==) NVIDIA(0): Default visual is TrueColor
[  4409.716] (==) NVIDIA(0): Using gamma correction (1.0, 1.0, 1.0)
[  4409.716] (II) Applying OutputClass "nvidia" options to /dev/dri/card1
[  4409.716] (**) NVIDIA(0): Option "AllowEmptyInitialConfiguration"
[  4409.716] (**) NVIDIA(0): Enabling 2D acceleration
[  4409.716] (II) Loading sub module "glxserver_nvidia"
[  4409.716] (II) LoadModule: "glxserver_nvidia"
[  4409.716] (II) Loading /usr/lib/nvidia/xorg/libglxserver_nvidia.so
[  4409.727] (II) Module glxserver_nvidia: vendor="NVIDIA Corporation"
[  4409.727] 	compiled for 1.16.99.901, module version = 1.0.0
[  4409.727] 	Module class: X.Org Server Extension
[  4409.727] (II) NVIDIA GLX Module  610.57.04  Wed Jul 29 02:31:39 UTC 2026
[  4409.727] (II) NVIDIA: The X server supports PRIME Render Offload.
[  4409.737] (--) NVIDIA(0): Valid display device(s) on GPU-0 at PCI:1:0:0
[  4409.737] (--) NVIDIA(0):     DFP-0 (boot)
[  4409.737] (--) NVIDIA(0):     DFP-1
[  4409.749] (II) NVIDIA(0): NVIDIA GPU NVIDIA GeForce GTX 1650 (TU117-A) at PCI:1:0:0
[  4409.749] (II) NVIDIA(0):     (GPU-0)
[  4409.749] (--) NVIDIA(0): Memory: 4194304 kBytes
[  4409.749] (--) NVIDIA(0): VideoBIOS: 90.17.45.00.43
[  4409.749] (II) NVIDIA(0): Detected PCI Express Link width: 16X
[  4409.966] (--) NVIDIA(GPU-0): LG Display (DFP-0): connected
[  4409.966] (--) NVIDIA(GPU-0): LG Display (DFP-0): Internal DisplayPort
[  4409.966] (--) NVIDIA(GPU-0): LG Display (DFP-0): 2660.0 MHz maximum pixel clock
[  4409.966] (--) NVIDIA(GPU-0): 
[  4410.014] (--) NVIDIA(GPU-0): Microstep MAG 255XF (DFP-1): connected
[  4410.014] (--) NVIDIA(GPU-0): Microstep MAG 255XF (DFP-1): Internal TMDS
[  4410.014] (--) NVIDIA(GPU-0): Microstep MAG 255XF (DFP-1): 600.0 MHz maximum pixel clock
[  4410.014] (--) NVIDIA(GPU-0): 
[  4410.093] (==) NVIDIA(0): 
[  4410.093] (==) NVIDIA(0): No modes were requested; the default mode "nvidia-auto-select"
[  4410.093] (==) NVIDIA(0):     will be used as the requested mode.
[  4410.093] (==) NVIDIA(0): 
[  4410.104] (II) NVIDIA(0): Validated MetaModes:
[  4410.104] (II) NVIDIA(0):     "DFP-0:nvidia-auto-select,DFP-1:nvidia-auto-select"
[  4410.105] (II) NVIDIA(0): Virtual screen size determined to be 3840 x 1080
[  4410.169] (--) NVIDIA(0): DPI set to (128, 130); computed from "UseEdidDpi" X config
[  4410.169] (--) NVIDIA(0):     option
[  4410.169] (II) UnloadModule: "modesetting"
[  4410.169] (II) Unloading modesetting
[  4410.169] (II) UnloadModule: "vesa"
[  4410.169] (II) Unloading vesa
[  4410.169] (WW) NVIDIA: Failed to bind sideband socket to
[  4410.169] (WW) NVIDIA:     '/var/run/nvidia-xdriver-430f5493' Permission denied
[  4410.169] (II) NVIDIA: Reserving 24576.00 MB of virtual memory for indirect memory
[  4410.169] (II) NVIDIA:     access.
[  4410.189] (II) NVIDIA(0): ACPI: failed to connect to the ACPI event daemon; the daemon
[  4410.189] (II) NVIDIA(0):     may not be running or the "AcpidSocketPath" X
[  4410.189] (II) NVIDIA(0):     configuration option may not be set correctly.  When the
[  4410.189] (II) NVIDIA(0):     ACPI event daemon is available, the NVIDIA X driver will
[  4410.189] (II) NVIDIA(0):     try to use it to receive ACPI event notifications.  For
[  4410.189] (II) NVIDIA(0):     details, please see the "ConnectToAcpid" and
[  4410.189] (II) NVIDIA(0):     "AcpidSocketPath" X configuration options in Appendix B: X
[  4410.189] (II) NVIDIA(0):     Config Options in the README.
[  4410.204] (II) NVIDIA(0): Setting mode "DFP-0:nvidia-auto-select,DFP-1:nvidia-auto-select"
[  4411.101] (II) NVIDIA(0): Disabling shared memory pixmaps
[  4411.101] (==) NVIDIA(0): Backing store enabled
[  4411.101] (==) NVIDIA(0): Silken mouse enabled
[  4411.101] (==) NVIDIA(0): DPMS enabled
[  4411.101] (II) Loading sub module "dri2"
[  4411.101] (II) LoadModule: "dri2"
[  4411.101] (II) Module "dri2" already built-in
[  4411.101] (II) NVIDIA(0): [DRI2] Setup complete
[  4411.101] (II) NVIDIA(0): [DRI2]   VDPAU driver: nvidia
[  4411.101] (II) Initializing extension Generic Event Extension
[  4411.101] (II) Initializing extension SHAPE
[  4411.101] (II) Initializing extension MIT-SHM
[  4411.101] (II) Initializing extension XInputExtension
[  4411.101] (II) Initializing extension XTEST
[  4411.101] (II) Initializing extension BIG-REQUESTS
[  4411.101] (II) Initializing extension SYNC
[  4411.101] (II) Initializing extension XKEYBOARD
[  4411.102] (II) Initializing extension XC-MISC
[  4411.102] (II) Initializing extension SECURITY
[  4411.102] (II) Initializing extension XFIXES
[  4411.102] (II) Initializing extension RENDER
[  4411.102] (II) Initializing extension RANDR
[  4411.102] (II) Initializing extension COMPOSITE
[  4411.102] (II) Initializing extension DAMAGE
[  4411.102] (II) Initializing extension MIT-SCREEN-SAVER
[  4411.102] (II) Initializing extension DOUBLE-BUFFER
[  4411.102] (II) Initializing extension RECORD
[  4411.102] (II) Initializing extension DPMS
[  4411.102] (II) Initializing extension Present
[  4411.102] (II) Initializing extension DRI3
[  4411.102] (II) Initializing extension X-Resource
[  4411.102] (II) Initializing extension XVideo
[  4411.102] (II) Initializing extension XVideo-MotionCompensation
[  4411.102] (II) Initializing extension GLX
[  4411.102] (II) Initializing extension GLX
[  4411.102] (II) Indirect GLX disabled.
[  4411.102] (II) GLX: Another vendor is already registered for screen 0
[  4411.102] (II) Initializing extension XFree86-VidModeExtension
[  4411.102] (II) Initializing extension XFree86-DGA
[  4411.103] (II) Initializing extension XFree86-DRI
[  4411.103] (II) Initializing extension DRI2
[  4411.103] (II) Initializing extension NV-GLX
[  4411.103] (II) Initializing extension NV-CONTROL
[  4411.103] (II) Initializing extension XINERAMA
[  4411.177] (II) config/udev: Adding input device HDA NVidia HDMI/DP,pcm=3 (/dev/input/event18)
[  4411.177] (II) No input driver specified, ignoring this device.
[  4411.177] (II) This device may have been added with another device file.
[  4411.177] (II) config/udev: Adding input device HDA NVidia HDMI/DP,pcm=7 (/dev/input/event19)
[  4411.177] (II) No input driver specified, ignoring this device.
[  4411.177] (II) This device may have been added with another device file.
[  4411.177] (II) config/udev: Adding input device HDA NVidia HDMI/DP,pcm=8 (/dev/input/event20)
[  4411.177] (II) No input driver specified, ignoring this device.
[  4411.177] (II) This device may have been added with another device file.
[  4411.177] (II) config/udev: Adding input device HDA NVidia HDMI/DP,pcm=9 (/dev/input/event21)
[  4411.177] (II) No input driver specified, ignoring this device.
[  4411.177] (II) This device may have been added with another device file.
[  4411.178] (II) config/udev: Adding input device Video Bus (/dev/input/event4)
[  4411.178] (**) Video Bus: Applying InputClass "libinput keyboard catchall"
[  4411.178] (**) Video Bus: Applying InputClass "system-keyboard"
[  4411.178] (II) LoadModule: "libinput"
[  4411.178] (II) Loading /usr/lib/xorg/modules/input/libinput_drv.so
[  4411.179] (II) Module libinput: vendor="X.Org Foundation"
[  4411.179] 	compiled for 1.21.1.13, module version = 1.5.0
[  4411.179] 	Module class: X.Org XInput Driver
[  4411.179] 	ABI class: X.Org XInput driver, version 24.4
[  4411.179] (II) Using input driver 'libinput' for 'Video Bus'
[  4411.180] (II) systemd-logind: got fd for /dev/input/event4 13:68 fd 39 paused 0
[  4411.180] (**) Video Bus: always reports core events
[  4411.180] (**) Option "Device" "/dev/input/event4"
[  4411.181] (II) event4  - Video Bus: is tagged by udev as: Keyboard
[  4411.181] (II) event4  - Video Bus: device is a keyboard
[  4411.181] (II) event4  - Video Bus: device removed
[  4411.181] (**) Option "config_info" "udev:/sys/devices/pci0000:00/0000:00:01.0/acpi.video_bus.0/input/input4/event4"
[  4411.181] (II) XINPUT: Adding extended input device "Video Bus" (type: KEYBOARD, id 6)
[  4411.181] (**) Option "xkb_model" "pc105+inet"
[  4411.181] (**) Option "xkb_layout" "us"
[  4411.181] (**) Option "xkb_options" "terminate:ctrl_alt_bksp"
[  4411.193] (II) event4  - Video Bus: is tagged by udev as: Keyboard
[  4411.193] (II) event4  - Video Bus: device is a keyboard
[  4411.194] (II) config/udev: Adding input device HFD ZH870 Gaming Keyboard (/dev/input/event13)
[  4411.194] (**) HFD ZH870 Gaming Keyboard: Applying InputClass "libinput keyboard catchall"
[  4411.194] (**) HFD ZH870 Gaming Keyboard: Applying InputClass "system-keyboard"
[  4411.194] (II) Using input driver 'libinput' for 'HFD ZH870 Gaming Keyboard'
[  4411.194] (II) systemd-logind: got fd for /dev/input/event13 13:77 fd 42 paused 0
[  4411.194] (**) HFD ZH870 Gaming Keyboard: always reports core events
[  4411.194] (**) Option "Device" "/dev/input/event13"
[  4411.195] (II) event13 - HFD ZH870 Gaming Keyboard: is tagged by udev as: Keyboard
[  4411.195] (II) event13 - HFD ZH870 Gaming Keyboard: device is a keyboard
[  4411.196] (II) event13 - HFD ZH870 Gaming Keyboard: device removed
[  4411.196] (**) Option "config_info" "udev:/sys/devices/pci0000:00/0000:00:14.0/usb1/1-1/1-1.2/1-1.2:1.0/0003:05AC:024F.0004/input/input13/event13"
[  4411.196] (II) XINPUT: Adding extended input device "HFD ZH870 Gaming Keyboard" (type: KEYBOARD, id 7)
[  4411.196] (**) Option "xkb_model" "pc105+inet"
[  4411.196] (**) Option "xkb_layout" "us"
[  4411.196] (**) Option "xkb_options" "terminate:ctrl_alt_bksp"
[  4411.197] (II) event13 - HFD ZH870 Gaming Keyboard: is tagged by udev as: Keyboard
[  4411.197] (II) event13 - HFD ZH870 Gaming Keyboard: device is a keyboard
[  4411.197] (II) config/udev: Adding input device HFD ZH870 Gaming Keyboard (/dev/input/event14)
[  4411.197] (**) HFD ZH870 Gaming Keyboard: Applying InputClass "libinput pointer catchall"
[  4411.197] (**) HFD ZH870 Gaming Keyboard: Applying InputClass "libinput keyboard catchall"
[  4411.197] (**) HFD ZH870 Gaming Keyboard: Applying InputClass "compx L7 Air"
[  4411.197] (**) HFD ZH870 Gaming Keyboard: Applying InputClass "system-keyboard"
[  4411.197] (II) Using input driver 'libinput' for 'HFD ZH870 Gaming Keyboard'
[  4411.198] (II) systemd-logind: got fd for /dev/input/event14 13:78 fd 43 paused 0
[  4411.198] (**) HFD ZH870 Gaming Keyboard: always reports core events
[  4411.198] (**) Option "Device" "/dev/input/event14"
[  4411.199] (II) event14 - HFD ZH870 Gaming Keyboard: is tagged by udev as: Keyboard Mouse
[  4411.199] (II) event14 - HFD ZH870 Gaming Keyboard: device is a pointer
[  4411.199] (II) event14 - HFD ZH870 Gaming Keyboard: device is a keyboard
[  4411.199] (II) event14 - HFD ZH870 Gaming Keyboard: device removed
[  4411.199] (**) Option "AccelProfile" "flat"
[  4411.199] (II) libinput: HFD ZH870 Gaming Keyboard: Step value 0 was provided, libinput Fallback acceleration function is used.
[  4411.199] (II) libinput: HFD ZH870 Gaming Keyboard: Step value 0 was provided, libinput Fallback acceleration function is used.
[  4411.199] (II) libinput: HFD ZH870 Gaming Keyboard: Step value 0 was provided, libinput Fallback acceleration function is used.
[  4411.199] (II) libinput: HFD ZH870 Gaming Keyboard: needs a virtual subdevice
[  4411.199] (**) Option "config_info" "udev:/sys/devices/pci0000:00/0000:00:14.0/usb1/1-1/1-1.2/1-1.2:1.1/0003:05AC:024F.0005/input/input14/event14"
[  4411.199] (II) XINPUT: Adding extended input device "HFD ZH870 Gaming Keyboard" (type: MOUSE, id 8)
[  4411.199] (**) Option "AccelerationScheme" "none"
[  4411.199] (**) HFD ZH870 Gaming Keyboard: (accel) selected scheme none/0
[  4411.199] (**) HFD ZH870 Gaming Keyboard: (accel) acceleration factor: 2.000
[  4411.199] (**) HFD ZH870 Gaming Keyboard: (accel) acceleration threshold: 4
[  4411.200] (II) event14 - HFD ZH870 Gaming Keyboard: is tagged by udev as: Keyboard Mouse
[  4411.201] (II) event14 - HFD ZH870 Gaming Keyboard: device is a pointer
[  4411.201] (II) event14 - HFD ZH870 Gaming Keyboard: device is a keyboard
[  4411.201] (II) config/udev: Adding input device HFD ZH870 Gaming Keyboard (/dev/input/mouse1)
[  4411.201] (**) HFD ZH870 Gaming Keyboard: Applying InputClass "compx L7 Air"
[  4411.201] (**) HFD ZH870 Gaming Keyboard: Applying InputClass "system-keyboard"
[  4411.201] (II) Using input driver 'libinput' for 'HFD ZH870 Gaming Keyboard'
[  4411.201] (**) HFD ZH870 Gaming Keyboard: always reports core events
[  4411.201] (**) Option "Device" "/dev/input/mouse1"
[  4411.201] (EE) xf86OpenSerial: Cannot open device /dev/input/mouse1
	Permission denied.
[  4411.201] (II) mouse1: opening input device '/dev/input/mouse1' failed (Permission denied).
[  4411.201] (II) mouse1  - failed to create input device '/dev/input/mouse1'.
[  4411.201] (EE) libinput: HFD ZH870 Gaming Keyboard: Failed to create a device for /dev/input/mouse1
[  4411.201] (EE) PreInit returned 2 for "HFD ZH870 Gaming Keyboard"
[  4411.201] (II) UnloadModule: "libinput"
[  4411.202] (II) config/udev: Adding input device ME6S MS_N-B R-UN +3db ME6S (/dev/input/event12)
[  4411.202] (**) ME6S MS_N-B R-UN +3db ME6S: Applying InputClass "libinput keyboard catchall"
[  4411.202] (**) ME6S MS_N-B R-UN +3db ME6S: Applying InputClass "system-keyboard"
[  4411.202] (II) Using input driver 'libinput' for 'ME6S MS_N-B R-UN +3db ME6S'
[  4411.202] (II) systemd-logind: got fd for /dev/input/event12 13:76 fd 44 paused 0
[  4411.202] (**) ME6S MS_N-B R-UN +3db ME6S: always reports core events
[  4411.202] (**) Option "Device" "/dev/input/event12"
[  4411.203] (II) event12 - ME6S MS_N-B R-UN +3db ME6S: is tagged by udev as: Keyboard
[  4411.203] (II) event12 - ME6S MS_N-B R-UN +3db ME6S: device is a keyboard
[  4411.203] (II) event12 - ME6S MS_N-B R-UN +3db ME6S: device removed
[  4411.203] (**) Option "config_info" "udev:/sys/devices/pci0000:00/0000:00:14.0/usb1/1-1/1-1.4/1-1.4:1.3/0003:0C76:9688.0007/input/input12/event12"
[  4411.203] (II) XINPUT: Adding extended input device "ME6S MS_N-B R-UN +3db ME6S" (type: KEYBOARD, id 9)
[  4411.203] (**) Option "xkb_model" "pc105+inet"
[  4411.203] (**) Option "xkb_layout" "us"
[  4411.203] (**) Option "xkb_options" "terminate:ctrl_alt_bksp"
[  4411.204] (II) event12 - ME6S MS_N-B R-UN +3db ME6S: is tagged by udev as: Keyboard
[  4411.204] (II) event12 - ME6S MS_N-B R-UN +3db ME6S: device is a keyboard
[  4411.205] (II) config/udev: Adding input device Compx 2.4G Wireless Receiver (/dev/input/event3)
[  4411.205] (**) Compx 2.4G Wireless Receiver: Applying InputClass "libinput keyboard catchall"
[  4411.205] (**) Compx 2.4G Wireless Receiver: Applying InputClass "system-keyboard"
[  4411.205] (II) Using input driver 'libinput' for 'Compx 2.4G Wireless Receiver'
[  4411.205] (II) systemd-logind: got fd for /dev/input/event3 13:67 fd 45 paused 0
[  4411.205] (**) Compx 2.4G Wireless Receiver: always reports core events
[  4411.205] (**) Option "Device" "/dev/input/event3"
[  4411.206] (II) event3  - Compx 2.4G Wireless Receiver: is tagged by udev as: Keyboard
[  4411.206] (II) event3  - Compx 2.4G Wireless Receiver: device is a keyboard
[  4411.206] (II) event3  - Compx 2.4G Wireless Receiver: device removed
[  4411.206] (**) Option "config_info" "udev:/sys/devices/pci0000:00/0000:00:14.0/usb1/1-3/1-3:1.0/0003:3554:F54F.0001/input/input3/event3"
[  4411.207] (II) XINPUT: Adding extended input device "Compx 2.4G Wireless Receiver" (type: KEYBOARD, id 10)
[  4411.207] (**) Option "xkb_model" "pc105+inet"
[  4411.207] (**) Option "xkb_layout" "us"
[  4411.207] (**) Option "xkb_options" "terminate:ctrl_alt_bksp"
[  4411.207] (II) event3  - Compx 2.4G Wireless Receiver: is tagged by udev as: Keyboard
[  4411.208] (II) event3  - Compx 2.4G Wireless Receiver: device is a keyboard
[  4411.208] (II) config/udev: Adding input device Compx 2.4G Wireless Receiver (/dev/input/event10)
[  4411.208] (II) No input driver specified, ignoring this device.
[  4411.208] (II) This device may have been added with another device file.
[  4411.209] (II) config/udev: Adding input device Compx 2.4G Wireless Receiver (/dev/input/event5)
[  4411.209] (II) No input driver specified, ignoring this device.
[  4411.209] (II) This device may have been added with another device file.
[  4411.209] (II) config/udev: Adding input device Compx 2.4G Wireless Receiver (/dev/input/event6)
[  4411.209] (II) No input driver specified, ignoring this device.
[  4411.209] (II) This device may have been added with another device file.
[  4411.210] (II) config/udev: Adding input device Compx 2.4G Wireless Receiver Consumer Control (/dev/input/event7)
[  4411.210] (**) Compx 2.4G Wireless Receiver Consumer Control: Applying InputClass "libinput keyboard catchall"
[  4411.210] (**) Compx 2.4G Wireless Receiver Consumer Control: Applying InputClass "system-keyboard"
[  4411.210] (II) Using input driver 'libinput' for 'Compx 2.4G Wireless Receiver Consumer Control'
[  4411.210] (II) systemd-logind: got fd for /dev/input/event7 13:71 fd 46 paused 0
[  4411.210] (**) Compx 2.4G Wireless Receiver Consumer Control: always reports core events
[  4411.210] (**) Option "Device" "/dev/input/event7"
[  4411.211] (II) event7  - Compx 2.4G Wireless Receiver Consumer Control: is tagged by udev as: Keyboard
[  4411.211] (II) event7  - Compx 2.4G Wireless Receiver Consumer Control: device is a keyboard
[  4411.211] (II) event7  - Compx 2.4G Wireless Receiver Consumer Control: device removed
[  4411.211] (II) libinput: Compx 2.4G Wireless Receiver Consumer Control: needs a virtual subdevice
[  4411.211] (**) Option "config_info" "udev:/sys/devices/pci0000:00/0000:00:14.0/usb1/1-3/1-3:1.1/0003:3554:F54F.0002/input/input7/event7"
[  4411.211] (II) XINPUT: Adding extended input device "Compx 2.4G Wireless Receiver Consumer Control" (type: MOUSE, id 11)
[  4411.211] (**) Option "AccelerationScheme" "none"
[  4411.211] (**) Compx 2.4G Wireless Receiver Consumer Control: (accel) selected scheme none/0
[  4411.211] (**) Compx 2.4G Wireless Receiver Consumer Control: (accel) acceleration factor: 2.000
[  4411.211] (**) Compx 2.4G Wireless Receiver Consumer Control: (accel) acceleration threshold: 4
[  4411.212] (II) event7  - Compx 2.4G Wireless Receiver Consumer Control: is tagged by udev as: Keyboard
[  4411.212] (II) event7  - Compx 2.4G Wireless Receiver Consumer Control: device is a keyboard
[  4411.213] (II) config/udev: Adding input device Compx 2.4G Wireless Receiver System Control (/dev/input/event8)
[  4411.213] (**) Compx 2.4G Wireless Receiver System Control: Applying InputClass "libinput keyboard catchall"
[  4411.213] (**) Compx 2.4G Wireless Receiver System Control: Applying InputClass "system-keyboard"
[  4411.213] (II) Using input driver 'libinput' for 'Compx 2.4G Wireless Receiver System Control'
[  4411.213] (II) systemd-logind: got fd for /dev/input/event8 13:72 fd 47 paused 0
[  4411.213] (**) Compx 2.4G Wireless Receiver System Control: always reports core events
[  4411.213] (**) Option "Device" "/dev/input/event8"
[  4411.214] (II) event8  - Compx 2.4G Wireless Receiver System Control: is tagged by udev as: Keyboard
[  4411.214] (II) event8  - Compx 2.4G Wireless Receiver System Control: device is a keyboard
[  4411.214] (II) event8  - Compx 2.4G Wireless Receiver System Control: device removed
[  4411.214] (**) Option "config_info" "udev:/sys/devices/pci0000:00/0000:00:14.0/usb1/1-3/1-3:1.1/0003:3554:F54F.0002/input/input8/event8"
[  4411.214] (II) XINPUT: Adding extended input device "Compx 2.4G Wireless Receiver System Control" (type: KEYBOARD, id 12)
[  4411.214] (**) Option "xkb_model" "pc105+inet"
[  4411.214] (**) Option "xkb_layout" "us"
[  4411.214] (**) Option "xkb_options" "terminate:ctrl_alt_bksp"
[  4411.215] (II) event8  - Compx 2.4G Wireless Receiver System Control: is tagged by udev as: Keyboard
[  4411.215] (II) event8  - Compx 2.4G Wireless Receiver System Control: device is a keyboard
[  4411.216] (II) config/udev: Adding input device Compx 2.4G Wireless Receiver (/dev/input/event9)
[  4411.216] (II) No input driver specified, ignoring this device.
[  4411.216] (II) This device may have been added with another device file.
[  4411.216] (II) config/udev: Adding input device Compx 2.4G Wireless Receiver (/dev/input/event11)
[  4411.216] (**) Compx 2.4G Wireless Receiver: Applying InputClass "libinput pointer catchall"
[  4411.216] (**) Compx 2.4G Wireless Receiver: Applying InputClass "compx L7 Air"
[  4411.216] (II) Using input driver 'libinput' for 'Compx 2.4G Wireless Receiver'
[  4411.217] (II) systemd-logind: got fd for /dev/input/event11 13:75 fd 48 paused 0
[  4411.217] (**) Compx 2.4G Wireless Receiver: always reports core events
[  4411.217] (**) Option "Device" "/dev/input/event11"
[  4411.217] (II) event11 - Compx 2.4G Wireless Receiver: is tagged by udev as: Mouse
[  4411.218] (II) event11 - Compx 2.4G Wireless Receiver: device is a pointer
[  4411.218] (II) event11 - Compx 2.4G Wireless Receiver: device removed
[  4411.218] (**) Option "AccelProfile" "flat"
[  4411.218] (II) libinput: Compx 2.4G Wireless Receiver: Step value 0 was provided, libinput Fallback acceleration function is used.
[  4411.218] (II) libinput: Compx 2.4G Wireless Receiver: Step value 0 was provided, libinput Fallback acceleration function is used.
[  4411.218] (II) libinput: Compx 2.4G Wireless Receiver: Step value 0 was provided, libinput Fallback acceleration function is used.
[  4411.218] (**) Option "config_info" "udev:/sys/devices/pci0000:00/0000:00:14.0/usb1/1-3/1-3:1.2/0003:3554:F54F.0003/input/input11/event11"
[  4411.218] (II) XINPUT: Adding extended input device "Compx 2.4G Wireless Receiver" (type: MOUSE, id 13)
[  4411.218] (**) Option "AccelerationScheme" "none"
[  4411.218] (**) Compx 2.4G Wireless Receiver: (accel) selected scheme none/0
[  4411.218] (**) Compx 2.4G Wireless Receiver: (accel) acceleration factor: 2.000
[  4411.218] (**) Compx 2.4G Wireless Receiver: (accel) acceleration threshold: 4
[  4411.219] (II) event11 - Compx 2.4G Wireless Receiver: is tagged by udev as: Mouse
[  4411.219] (II) event11 - Compx 2.4G Wireless Receiver: device is a pointer
[  4411.219] (II) config/udev: Adding input device Compx 2.4G Wireless Receiver (/dev/input/mouse0)
[  4411.219] (**) Compx 2.4G Wireless Receiver: Applying InputClass "compx L7 Air"
[  4411.219] (II) Using input driver 'libinput' for 'Compx 2.4G Wireless Receiver'
[  4411.219] (**) Compx 2.4G Wireless Receiver: always reports core events
[  4411.219] (**) Option "Device" "/dev/input/mouse0"
[  4411.220] (EE) xf86OpenSerial: Cannot open device /dev/input/mouse0
	Permission denied.
[  4411.220] (II) mouse0: opening input device '/dev/input/mouse0' failed (Permission denied).
[  4411.220] (II) mouse0  - failed to create input device '/dev/input/mouse0'.
[  4411.220] (EE) libinput: Compx 2.4G Wireless Receiver: Failed to create a device for /dev/input/mouse0
[  4411.220] (EE) PreInit returned 2 for "Compx 2.4G Wireless Receiver"
[  4411.220] (II) UnloadModule: "libinput"
[  4411.220] (II) config/udev: Adding input device Elan Touchpad (/dev/input/event16)
[  4411.220] (**) Elan Touchpad: Applying InputClass "libinput touchpad catchall"
[  4411.220] (II) Using input driver 'libinput' for 'Elan Touchpad'
[  4411.220] (II) systemd-logind: got fd for /dev/input/event16 13:80 fd 49 paused 0
[  4411.220] (**) Elan Touchpad: always reports core events
[  4411.220] (**) Option "Device" "/dev/input/event16"
[  4411.221] (II) event16 - Elan Touchpad: is tagged by udev as: Touchpad
[  4411.222] (II) event16 - Elan Touchpad: device is a touchpad
[  4411.222] (II) event16 - Elan Touchpad: device removed
[  4411.222] (II) libinput: Elan Touchpad: Step value 0 was provided, libinput Fallback acceleration function is used.
[  4411.222] (II) libinput: Elan Touchpad: Step value 0 was provided, libinput Fallback acceleration function is used.
[  4411.222] (II) libinput: Elan Touchpad: Step value 0 was provided, libinput Fallback acceleration function is used.
[  4411.222] (**) Option "config_info" "udev:/sys/devices/pci0000:00/0000:00:15.1/i2c_designware.1/i2c-1/i2c-ELAN0626:00/input/input16/event16"
[  4411.222] (II) XINPUT: Adding extended input device "Elan Touchpad" (type: TOUCHPAD, id 14)
[  4411.223] (**) Option "AccelerationScheme" "none"
[  4411.223] (**) Elan Touchpad: (accel) selected scheme none/0
[  4411.223] (**) Elan Touchpad: (accel) acceleration factor: 2.000
[  4411.223] (**) Elan Touchpad: (accel) acceleration threshold: 4
[  4411.224] (II) event16 - Elan Touchpad: is tagged by udev as: Touchpad
[  4411.225] (II) event16 - Elan Touchpad: device is a touchpad
[  4411.226] (II) config/udev: Adding input device Elan Touchpad (/dev/input/mouse2)
[  4411.226] (II) No input driver specified, ignoring this device.
[  4411.226] (II) This device may have been added with another device file.
[  4411.226] (II) config/udev: Adding input device Ideapad extra buttons (/dev/input/event15)
[  4411.226] (**) Ideapad extra buttons: Applying InputClass "libinput keyboard catchall"
[  4411.226] (**) Ideapad extra buttons: Applying InputClass "system-keyboard"
[  4411.226] (II) Using input driver 'libinput' for 'Ideapad extra buttons'
[  4411.227] (II) systemd-logind: got fd for /dev/input/event15 13:79 fd 50 paused 0
[  4411.227] (**) Ideapad extra buttons: always reports core events
[  4411.227] (**) Option "Device" "/dev/input/event15"
[  4411.227] (II) event15 - Ideapad extra buttons: is tagged by udev as: Keyboard
[  4411.227] (II) event15 - Ideapad extra buttons: device is a keyboard
[  4411.227] (II) event15 - Ideapad extra buttons: device removed
[  4411.227] (**) Option "config_info" "udev:/sys/devices/pci0000:00/0000:00:1f.0/PNP0C09:00/VPC2004:00/input/input15/event15"
[  4411.227] (II) XINPUT: Adding extended input device "Ideapad extra buttons" (type: KEYBOARD, id 15)
[  4411.227] (**) Option "xkb_model" "pc105+inet"
[  4411.227] (**) Option "xkb_layout" "us"
[  4411.227] (**) Option "xkb_options" "terminate:ctrl_alt_bksp"
[  4411.228] (II) event15 - Ideapad extra buttons: is tagged by udev as: Keyboard
[  4411.228] (II) event15 - Ideapad extra buttons: device is a keyboard
[  4411.228] (II) config/udev: Adding input device HDA Intel PCH Mic (/dev/input/event22)
[  4411.228] (II) No input driver specified, ignoring this device.
[  4411.228] (II) This device may have been added with another device file.
[  4411.229] (II) config/udev: Adding input device HDA Intel PCH Headphone (/dev/input/event23)
[  4411.229] (II) No input driver specified, ignoring this device.
[  4411.229] (II) This device may have been added with another device file.
[  4411.229] (II) config/udev: Adding input device Power Button (/dev/input/event1)
[  4411.229] (**) Power Button: Applying InputClass "libinput keyboard catchall"
[  4411.229] (**) Power Button: Applying InputClass "system-keyboard"
[  4411.229] (II) Using input driver 'libinput' for 'Power Button'
[  4411.229] (II) systemd-logind: got fd for /dev/input/event1 13:65 fd 51 paused 0
[  4411.229] (**) Power Button: always reports core events
[  4411.229] (**) Option "Device" "/dev/input/event1"
[  4411.230] (II) event1  - Power Button: is tagged by udev as: Keyboard
[  4411.230] (II) event1  - Power Button: device is a keyboard
[  4411.230] (II) event1  - Power Button: device removed
[  4411.230] (**) Option "config_info" "udev:/sys/devices/platform/PNP0C0C:00/input/input1/event1"
[  4411.230] (II) XINPUT: Adding extended input device "Power Button" (type: KEYBOARD, id 16)
[  4411.230] (**) Option "xkb_model" "pc105+inet"
[  4411.230] (**) Option "xkb_layout" "us"
[  4411.230] (**) Option "xkb_options" "terminate:ctrl_alt_bksp"
[  4411.230] (II) event1  - Power Button: is tagged by udev as: Keyboard
[  4411.230] (II) event1  - Power Button: device is a keyboard
[  4411.231] (II) config/udev: Adding input device Lid Switch (/dev/input/event0)
[  4411.231] (II) No input driver specified, ignoring this device.
[  4411.231] (II) This device may have been added with another device file.
[  4411.231] (II) config/udev: Adding input device AT Translated Set 2 keyboard (/dev/input/event2)
[  4411.231] (**) AT Translated Set 2 keyboard: Applying InputClass "libinput keyboard catchall"
[  4411.231] (**) AT Translated Set 2 keyboard: Applying InputClass "system-keyboard"
[  4411.231] (II) Using input driver 'libinput' for 'AT Translated Set 2 keyboard'
[  4411.231] (II) systemd-logind: got fd for /dev/input/event2 13:66 fd 52 paused 0
[  4411.231] (**) AT Translated Set 2 keyboard: always reports core events
[  4411.231] (**) Option "Device" "/dev/input/event2"
[  4411.232] (II) event2  - AT Translated Set 2 keyboard: is tagged by udev as: Keyboard
[  4411.232] (II) event2  - AT Translated Set 2 keyboard: device is a keyboard
[  4411.233] (II) event2  - AT Translated Set 2 keyboard: device removed
[  4411.233] (**) Option "config_info" "udev:/sys/devices/platform/i8042/serio0/input/input2/event2"
[  4411.233] (II) XINPUT: Adding extended input device "AT Translated Set 2 keyboard" (type: KEYBOARD, id 17)
[  4411.233] (**) Option "xkb_model" "pc105+inet"
[  4411.233] (**) Option "xkb_layout" "us"
[  4411.233] (**) Option "xkb_options" "terminate:ctrl_alt_bksp"
[  4411.233] (II) event2  - AT Translated Set 2 keyboard: is tagged by udev as: Keyboard
[  4411.233] (II) event2  - AT Translated Set 2 keyboard: device is a keyboard
[  4411.234] (II) config/udev: Adding input device PC Speaker (/dev/input/event17)
[  4411.234] (II) No input driver specified, ignoring this device.
[  4411.234] (II) This device may have been added with another device file.
[  4411.239] (**) HFD ZH870 Gaming Keyboard: Applying InputClass "libinput pointer catchall"
[  4411.239] (**) HFD ZH870 Gaming Keyboard: Applying InputClass "libinput keyboard catchall"
[  4411.239] (**) HFD ZH870 Gaming Keyboard: Applying InputClass "compx L7 Air"
[  4411.239] (**) HFD ZH870 Gaming Keyboard: Applying InputClass "system-keyboard"
[  4411.239] (II) Using input driver 'libinput' for 'HFD ZH870 Gaming Keyboard'
[  4411.239] (II) systemd-logind: returning pre-existing fd for /dev/input/event14 13:78
[  4411.239] (**) HFD ZH870 Gaming Keyboard: always reports core events
[  4411.239] (**) Option "Device" "/dev/input/event14"
[  4411.239] (II) libinput: HFD ZH870 Gaming Keyboard: is a virtual subdevice
[  4411.239] (**) Option "AccelProfile" "flat"
[  4411.239] (II) libinput: HFD ZH870 Gaming Keyboard: Step value 0 was provided, libinput Fallback acceleration function is used.
[  4411.239] (II) libinput: HFD ZH870 Gaming Keyboard: Step value 0 was provided, libinput Fallback acceleration function is used.
[  4411.239] (II) libinput: HFD ZH870 Gaming Keyboard: Step value 0 was provided, libinput Fallback acceleration function is used.
[  4411.239] (**) Option "config_info" "udev:/sys/devices/pci0000:00/0000:00:14.0/usb1/1-1/1-1.2/1-1.2:1.1/0003:05AC:024F.0005/input/input14/event14"
[  4411.239] (II) XINPUT: Adding extended input device "HFD ZH870 Gaming Keyboard" (type: KEYBOARD, id 18)
[  4411.239] (**) Option "xkb_model" "pc105+inet"
[  4411.239] (**) Option "xkb_layout" "us"
[  4411.239] (**) Option "xkb_options" "terminate:ctrl_alt_bksp"
[  4411.239] (**) Compx 2.4G Wireless Receiver Consumer Control: Applying InputClass "libinput keyboard catchall"
[  4411.239] (**) Compx 2.4G Wireless Receiver Consumer Control: Applying InputClass "system-keyboard"
[  4411.239] (II) Using input driver 'libinput' for 'Compx 2.4G Wireless Receiver Consumer Control'
[  4411.239] (II) systemd-logind: returning pre-existing fd for /dev/input/event7 13:71
[  4411.239] (**) Compx 2.4G Wireless Receiver Consumer Control: always reports core events
[  4411.239] (**) Option "Device" "/dev/input/event7"
[  4411.239] (II) libinput: Compx 2.4G Wireless Receiver Consumer Control: is a virtual subdevice
[  4411.239] (**) Option "config_info" "udev:/sys/devices/pci0000:00/0000:00:14.0/usb1/1-3/1-3:1.1/0003:3554:F54F.0002/input/input7/event7"
[  4411.239] (II) XINPUT: Adding extended input device "Compx 2.4G Wireless Receiver Consumer Control" (type: KEYBOARD, id 19)
[  4411.239] (**) Option "xkb_model" "pc105+inet"
[  4411.239] (**) Option "xkb_layout" "us"
[  4411.239] (**) Option "xkb_options" "terminate:ctrl_alt_bksp"
[  4428.349] (**) Option "fd" "39"
[  4428.349] (II) event4  - Video Bus: device removed
[  4428.349] (**) Option "fd" "42"
[  4428.349] (II) event13 - HFD ZH870 Gaming Keyboard: device removed
[  4428.349] (**) Option "fd" "43"
[  4428.349] (**) Option "fd" "44"
[  4428.349] (II) event12 - ME6S MS_N-B R-UN +3db ME6S: device removed
[  4428.349] (**) Option "fd" "45"
[  4428.349] (II) event3  - Compx 2.4G Wireless Receiver: device removed
[  4428.349] (**) Option "fd" "46"
[  4428.349] (**) Option "fd" "47"
[  4428.349] (II) event8  - Compx 2.4G Wireless Receiver System Control: device removed
[  4428.349] (**) Option "fd" "48"
[  4428.349] (II) event11 - Compx 2.4G Wireless Receiver: device removed
[  4428.349] (**) Option "fd" "49"
[  4428.349] (II) event16 - Elan Touchpad: device removed
[  4428.349] (**) Option "fd" "50"
[  4428.349] (II) event15 - Ideapad extra buttons: device removed
[  4428.349] (**) Option "fd" "51"
[  4428.349] (II) event1  - Power Button: device removed
[  4428.349] (**) Option "fd" "52"
[  4428.349] (II) event2  - AT Translated Set 2 keyboard: device removed
[  4428.349] (**) Option "fd" "43"
[  4428.349] (II) event14 - HFD ZH870 Gaming Keyboard: device removed
[  4428.349] (**) Option "fd" "46"
[  4428.349] (II) event7  - Compx 2.4G Wireless Receiver Consumer Control: device removed
[  4428.358] (II) UnloadModule: "libinput"
[  4428.358] (II) systemd-logind: not releasing fd for 13:71, still in use
[  4428.358] (II) UnloadModule: "libinput"
[  4428.358] (II) systemd-logind: not releasing fd for 13:78, still in use
[  4428.358] (II) UnloadModule: "libinput"
[  4428.358] (II) systemd-logind: releasing fd for 13:66
[  4428.358] (II) UnloadModule: "libinput"
[  4428.358] (II) systemd-logind: releasing fd for 13:65
[  4428.359] (II) UnloadModule: "libinput"
[  4428.359] (II) systemd-logind: releasing fd for 13:79
[  4428.359] (II) UnloadModule: "libinput"
[  4428.359] (II) systemd-logind: releasing fd for 13:80
[  4428.359] (II) UnloadModule: "libinput"
[  4428.359] (II) systemd-logind: releasing fd for 13:75
[  4428.359] (II) UnloadModule: "libinput"
[  4428.359] (II) systemd-logind: releasing fd for 13:72
[  4428.359] (II) UnloadModule: "libinput"
[  4428.359] (II) systemd-logind: releasing fd for 13:71
[  4428.360] (II) UnloadModule: "libinput"
[  4428.360] (II) systemd-logind: releasing fd for 13:67
[  4428.360] (II) UnloadModule: "libinput"
[  4428.360] (II) systemd-logind: releasing fd for 13:76
[  4428.360] (II) UnloadModule: "libinput"
[  4428.360] (II) systemd-logind: releasing fd for 13:78
[  4428.360] (II) UnloadModule: "libinput"
[  4428.360] (II) systemd-logind: releasing fd for 13:77
[  4428.361] (II) UnloadModule: "libinput"
[  4428.361] (II) systemd-logind: releasing fd for 13:68
[  4428.681] (II) NVIDIA(GPU-0): Deleting GPU-0
[  4429.612] (II) Server terminated successfully (0). Closing log file.
